[    0.000000] Linux version 4.9.110-fq-codel (root@shaperd-dev) (gcc version 6.3.0 20170516 (Debian 6.3.0-18+deb9u1) ) #3 SMP Thu Aug 16 16:21:11 CEST 2018
[    0.000000] Command line: BOOT_IMAGE=/boot/vmlinuz-4.9.110-fq-codel root=UUID=ebff4bff-1423-48ef-bb58-ad8a032b5c65 ro panic=60 quiet
[    0.000000] x86/fpu: Supporting XSAVE feature 0x001: 'x87 floating point registers'
[    0.000000] x86/fpu: Supporting XSAVE feature 0x002: 'SSE registers'
[    0.000000] x86/fpu: Supporting XSAVE feature 0x004: 'AVX registers'
[    0.000000] x86/fpu: xstate_offset[2]:  576, xstate_sizes[2]:  256
[    0.000000] x86/fpu: Enabled xstate features 0x7, context size is 832 bytes, using 'standard' format.
[    0.000000] e820: BIOS-provided physical RAM map:
[    0.000000] BIOS-e820: [mem 0x0000000000000000-0x0000000000099bff] usable
[    0.000000] BIOS-e820: [mem 0x0000000000099c00-0x000000000009ffff] reserved
[    0.000000] BIOS-e820: [mem 0x00000000000e0000-0x00000000000fffff] reserved
[    0.000000] BIOS-e820: [mem 0x0000000000100000-0x00000000cd5cbfff] usable
[    0.000000] BIOS-e820: [mem 0x00000000cd5cc000-0x00000000cd5d2fff] ACPI NVS
[    0.000000] BIOS-e820: [mem 0x00000000cd5d3000-0x00000000dd794fff] usable
[    0.000000] BIOS-e820: [mem 0x00000000dd795000-0x00000000dd87bfff] reserved
[    0.000000] BIOS-e820: [mem 0x00000000dd87c000-0x00000000dd8c7fff] usable
[    0.000000] BIOS-e820: [mem 0x00000000dd8c8000-0x00000000dd9fdfff] ACPI NVS
[    0.000000] BIOS-e820: [mem 0x00000000dd9fe000-0x00000000df7fefff] reserved
[    0.000000] BIOS-e820: [mem 0x00000000df7ff000-0x00000000df7fffff] usable
[    0.000000] BIOS-e820: [mem 0x00000000f8000000-0x00000000fbffffff] reserved
[    0.000000] BIOS-e820: [mem 0x00000000fec00000-0x00000000fec00fff] reserved
[    0.000000] BIOS-e820: [mem 0x00000000fed00000-0x00000000fed03fff] reserved
[    0.000000] BIOS-e820: [mem 0x00000000fed1c000-0x00000000fed1ffff] reserved
[    0.000000] BIOS-e820: [mem 0x00000000fee00000-0x00000000fee00fff] reserved
[    0.000000] BIOS-e820: [mem 0x00000000ff000000-0x00000000ffffffff] reserved
[    0.000000] BIOS-e820: [mem 0x0000000100000000-0x000000021fffffff] usable
[    0.000000] NX (Execute Disable) protection: active
[    0.000000] SMBIOS 2.7 present.
[    0.000000] DMI: Supermicro X10SLL-F/X10SLL-F, BIOS 3.0a 12/21/2015
[    0.000000] e820: update [mem 0x00000000-0x00000fff] usable ==> reserved
[    0.000000] e820: remove [mem 0x000a0000-0x000fffff] usable
[    0.000000] e820: last_pfn = 0x220000 max_arch_pfn = 0x400000000
[    0.000000] MTRR default type: uncachable
[    0.000000] MTRR fixed ranges enabled:
[    0.000000]   00000-9FFFF write-back
[    0.000000]   A0000-BFFFF uncachable
[    0.000000]   C0000-CBFFF write-protect
[    0.000000]   CC000-E7FFF uncachable
[    0.000000]   E8000-FFFFF write-protect
[    0.000000] MTRR variable ranges enabled:
[    0.000000]   0 base 0000000000 mask 7E00000000 write-back
[    0.000000]   1 base 0200000000 mask 7FE0000000 write-back
[    0.000000]   2 base 00E0000000 mask 7FE0000000 uncachable
[    0.000000]   3 disabled
[    0.000000]   4 disabled
[    0.000000]   5 disabled
[    0.000000]   6 disabled
[    0.000000]   7 disabled
[    0.000000]   8 disabled
[    0.000000]   9 disabled
[    0.000000] x86/PAT: Configuration [0-7]: WB  WC  UC- UC  WB  WC  UC- WT  
[    0.000000] e820: update [mem 0xe0000000-0xffffffff] usable ==> reserved
[    0.000000] e820: last_pfn = 0xdf800 max_arch_pfn = 0x400000000
[    0.000000] found SMP MP-table at [mem 0x000fd700-0x000fd70f] mapped at [ffff9742c00fd700]
[    0.000000] Base memory trampoline at [ffff9742c0093000] 93000 size 24576
[    0.000000] Using GB pages for direct mapping
[    0.000000] BRK [0x12c13a000, 0x12c13afff] PGTABLE
[    0.000000] BRK [0x12c13b000, 0x12c13bfff] PGTABLE
[    0.000000] BRK [0x12c13c000, 0x12c13cfff] PGTABLE
[    0.000000] BRK [0x12c13d000, 0x12c13dfff] PGTABLE
[    0.000000] BRK [0x12c13e000, 0x12c13efff] PGTABLE
[    0.000000] BRK [0x12c13f000, 0x12c13ffff] PGTABLE
[    0.000000] BRK [0x12c140000, 0x12c140fff] PGTABLE
[    0.000000] BRK [0x12c141000, 0x12c141fff] PGTABLE
[    0.000000] BRK [0x12c142000, 0x12c142fff] PGTABLE
[    0.000000] BRK [0x12c143000, 0x12c143fff] PGTABLE
[    0.000000] RAMDISK: [mem 0x35c0d000-0x36dfdfff]
[    0.000000] ACPI: Early table checksum verification disabled
[    0.000000] ACPI: RSDP 0x00000000000F0490 000024 (v02 SUPERM)
[    0.000000] ACPI: XSDT 0x00000000DD9D00A0 0000BC (v01 SUPERM SMCI--MB 01072009 AMI  00010013)
[    0.000000] ACPI: FACP 0x00000000DD9DF6D8 00010C (v05 SUPERM SMCI--MB 01072009 AMI  00010013)
[    0.000000] ACPI: DSDT 0x00000000DD9D01F0 00F4E2 (v02 SUPERM SMCI--MB 00000000 INTL 20120711)
[    0.000000] ACPI: FACS 0x00000000DD9FDF80 000040
[    0.000000] ACPI: APIC 0x00000000DD9DF7E8 000092 (v03 SUPERM SMCI--MB 01072009 AMI  00010013)
[    0.000000] ACPI: FPDT 0x00000000DD9DF880 000044 (v01 SUPERM SMCI--MB 01072009 AMI  00010013)
[    0.000000] ACPI: FIDT 0x00000000DD9DF8C8 00009C (v01 SUPERM SMCI--MB 01072009 AMI  00010013)
[    0.000000] ACPI: SSDT 0x00000000DD9DF968 000C7D (v02 Ther_R Ther_Rvp 00001000 INTL 20120711)
[    0.000000] ACPI: SSDT 0x00000000DD9E05E8 000540 (v02 PmRef  Cpu0Ist  00003000 INTL 20051117)
[    0.000000] ACPI: SSDT 0x00000000DD9E0B28 000B74 (v02 CpuRef CpuSsdt  00003000 INTL 20051117)
[    0.000000] ACPI: SSDT 0x00000000DD9E16A0 0002F2 (v02 PmRef  Cpu0Tst  00003000 INTL 20051117)
[    0.000000] ACPI: SSDT 0x00000000DD9E1998 000348 (v02 PmRef  ApTst    00003000 INTL 20051117)
[    0.000000] ACPI: MCFG 0x00000000DD9E1CE0 00003C (v01 SUPERM SMCI--MB 01072009 MSFT 00000097)
[    0.000000] ACPI: HPET 0x00000000DD9E1D20 000038 (v01 SUPERM SMCI--MB 01072009 AMI. 00000005)
[    0.000000] ACPI: SSDT 0x00000000DD9E1D58 000397 (v01 SataRe SataTabl 00001000 INTL 20120711)
[    0.000000] ACPI: SSDT 0x00000000DD9E20F0 0057F6 (v02 SaSsdt SaSsdt   00003000 INTL 20120711)
[    0.000000] ACPI: SPMI 0x00000000DD9E78E8 000040 (v05 A M I  OEMSPMI  00000000 AMI. 00000000)
[    0.000000] ACPI: DMAR 0x00000000DD9E7928 000080 (v01 INTEL  BDW      00000001 INTL 00000001)
[    0.000000] ACPI: EINJ 0x00000000DD9E79A8 000130 (v01 AMI    AMI EINJ 00000000      00000000)
[    0.000000] ACPI: ERST 0x00000000DD9E7AD8 000230 (v01 AMIER  AMI ERST 00000000      00000000)
[    0.000000] ACPI: HEST 0x00000000DD9E7D08 0000A8 (v01 AMI    AMI HEST 00000000      00000000)
[    0.000000] ACPI: BERT 0x00000000DD9E7DB0 000030 (v01 AMI    AMI BERT 00000000      00000000)
[    0.000000] ACPI: Local APIC address 0xfee00000
[    0.000000] No NUMA configuration found
[    0.000000] Faking a node at [mem 0x0000000000000000-0x000000021fffffff]
[    0.000000] NODE_DATA(0) allocated [mem 0x21fffb000-0x21fffffff]
[    0.000000] Zone ranges:
[    0.000000]   DMA      [mem 0x0000000000001000-0x0000000000ffffff]
[    0.000000]   DMA32    [mem 0x0000000001000000-0x00000000ffffffff]
[    0.000000]   Normal   [mem 0x0000000100000000-0x000000021fffffff]
[    0.000000]   Device   empty
[    0.000000] Movable zone start for each node
[    0.000000] Early memory node ranges
[    0.000000]   node   0: [mem 0x0000000000001000-0x0000000000098fff]
[    0.000000]   node   0: [mem 0x0000000000100000-0x00000000cd5cbfff]
[    0.000000]   node   0: [mem 0x00000000cd5d3000-0x00000000dd794fff]
[    0.000000]   node   0: [mem 0x00000000dd87c000-0x00000000dd8c7fff]
[    0.000000]   node   0: [mem 0x00000000df7ff000-0x00000000df7fffff]
[    0.000000]   node   0: [mem 0x0000000100000000-0x000000021fffffff]
[    0.000000] Initmem setup node 0 [mem 0x0000000000001000-0x000000021fffffff]
[    0.000000] On node 0 totalpages: 2086771
[    0.000000]   DMA zone: 64 pages used for memmap
[    0.000000]   DMA zone: 21 pages reserved
[    0.000000]   DMA zone: 3992 pages, LIFO batch:0
[    0.000000]   DMA32 zone: 14112 pages used for memmap
[    0.000000]   DMA32 zone: 903131 pages, LIFO batch:31
[    0.000000]   Normal zone: 18432 pages used for memmap
[    0.000000]   Normal zone: 1179648 pages, LIFO batch:31
[    0.000000] ACPI: PM-Timer IO Port: 0x1808
[    0.000000] ACPI: Local APIC address 0xfee00000
[    0.000000] ACPI: LAPIC_NMI (acpi_id[0xff] high edge lint[0x1])
[    0.000000] IOAPIC[0]: apic_id 8, version 32, address 0xfec00000, GSI 0-23
[    0.000000] ACPI: INT_SRC_OVR (bus 0 bus_irq 0 global_irq 2 dfl dfl)
[    0.000000] ACPI: INT_SRC_OVR (bus 0 bus_irq 9 global_irq 9 high level)
[    0.000000] ACPI: IRQ0 used by override.
[    0.000000] ACPI: IRQ9 used by override.
[    0.000000] Using ACPI (MADT) for SMP configuration information
[    0.000000] ACPI: HPET id: 0x8086a701 base: 0xfed00000
[    0.000000] smpboot: Allowing 8 CPUs, 0 hotplug CPUs
[    0.000000] PM: Registered nosave memory: [mem 0x00000000-0x00000fff]
[    0.000000] PM: Registered nosave memory: [mem 0x00099000-0x00099fff]
[    0.000000] PM: Registered nosave memory: [mem 0x0009a000-0x0009ffff]
[    0.000000] PM: Registered nosave memory: [mem 0x000a0000-0x000dffff]
[    0.000000] PM: Registered nosave memory: [mem 0x000e0000-0x000fffff]
[    0.000000] PM: Registered nosave memory: [mem 0xcd5cc000-0xcd5d2fff]
[    0.000000] PM: Registered nosave memory: [mem 0xdd795000-0xdd87bfff]
[    0.000000] PM: Registered nosave memory: [mem 0xdd8c8000-0xdd9fdfff]
[    0.000000] PM: Registered nosave memory: [mem 0xdd9fe000-0xdf7fefff]
[    0.000000] PM: Registered nosave memory: [mem 0xdf800000-0xf7ffffff]
[    0.000000] PM: Registered nosave memory: [mem 0xf8000000-0xfbffffff]
[    0.000000] PM: Registered nosave memory: [mem 0xfc000000-0xfebfffff]
[    0.000000] PM: Registered nosave memory: [mem 0xfec00000-0xfec00fff]
[    0.000000] PM: Registered nosave memory: [mem 0xfec01000-0xfecfffff]
[    0.000000] PM: Registered nosave memory: [mem 0xfed00000-0xfed03fff]
[    0.000000] PM: Registered nosave memory: [mem 0xfed04000-0xfed1bfff]
[    0.000000] PM: Registered nosave memory: [mem 0xfed1c000-0xfed1ffff]
[    0.000000] PM: Registered nosave memory: [mem 0xfed20000-0xfedfffff]
[    0.000000] PM: Registered nosave memory: [mem 0xfee00000-0xfee00fff]
[    0.000000] PM: Registered nosave memory: [mem 0xfee01000-0xfeffffff]
[    0.000000] PM: Registered nosave memory: [mem 0xff000000-0xffffffff]
[    0.000000] e820: [mem 0xdf800000-0xf7ffffff] available for PCI devices
[    0.000000] Booting paravirtualized kernel on bare hardware
[    0.000000] clocksource: refined-jiffies: mask: 0xffffffff max_cycles: 0xffffffff, max_idle_ns: 7645519600211568 ns
[    0.000000] setup_percpu: NR_CPUS:512 nr_cpumask_bits:512 nr_cpu_ids:8 nr_node_ids:1
[    0.000000] percpu: Embedded 35 pages/cpu @ffff9744dfc00000 s105304 r8192 d29864 u262144
[    0.000000] pcpu-alloc: s105304 r8192 d29864 u262144 alloc=1*2097152
[    0.000000] pcpu-alloc: [0] 0 1 2 3 4 5 6 7 
[    0.000000] Built 1 zonelists in Node order, mobility grouping on.  Total pages: 2054142
[    0.000000] Policy zone: Normal
[    0.000000] Kernel command line: BOOT_IMAGE=/boot/vmlinuz-4.9.110-fq-codel root=UUID=ebff4bff-1423-48ef-bb58-ad8a032b5c65 ro panic=60 quiet
[    0.000000] PID hash table entries: 4096 (order: 3, 32768 bytes)
[    0.000000] Calgary: detecting Calgary via BIOS EBDA area
[    0.000000] Calgary: Unable to locate Rio Grande table in EBDA - bailing!
[    0.000000] Memory: 8114760K/8347084K available (6250K kernel code, 1159K rwdata, 2840K rodata, 1420K init, 688K bss, 232324K reserved, 0K cma-reserved)
[    0.000000] Kernel/User page tables isolation: enabled
[    0.000000] Hierarchical RCU implementation.
[    0.000000] 	Build-time adjustment of leaf fanout to 64.
[    0.000000] 	RCU restricting CPUs from NR_CPUS=512 to nr_cpu_ids=8.
[    0.000000] RCU: Adjusting geometry for rcu_fanout_leaf=64, nr_cpu_ids=8
[    0.000000] NR_IRQS:33024 nr_irqs:488 16
[    0.000000] spurious 8259A interrupt: IRQ7.
[    0.000000] Console: colour VGA+ 80x25
[    0.000000] console [tty0] enabled
[    0.000000] clocksource: hpet: mask: 0xffffffff max_cycles: 0xffffffff, max_idle_ns: 133484882848 ns
[    0.000000] hpet clockevent registered
[    0.000000] tsc: Fast TSC calibration using PIT
[    0.000000] tsc: Detected 3499.845 MHz processor
[    0.000018] Calibrating delay loop (skipped), value calculated using timer frequency.. 6999.69 BogoMIPS (lpj=13999380)
[    0.000019] pid_max: default: 32768 minimum: 301
[    0.000033] ACPI: Core revision 20160831
[    0.011259] ACPI: 8 ACPI AML tables successfully acquired and loaded
[    0.011295] Security Framework initialized
[    0.011296] Yama: disabled by default; enable with sysctl kernel.yama.*
[    0.011300] AppArmor: AppArmor disabled by boot time parameter
[    0.011572] Dentry cache hash table entries: 1048576 (order: 11, 8388608 bytes)
[    0.013130] Inode-cache hash table entries: 524288 (order: 10, 4194304 bytes)
[    0.013836] Mount-cache hash table entries: 16384 (order: 5, 131072 bytes)
[    0.013841] Mountpoint-cache hash table entries: 16384 (order: 5, 131072 bytes)
[    0.014058] CPU: Physical Processor ID: 0
[    0.014059] CPU: Processor Core ID: 0
[    0.014062] ENERGY_PERF_BIAS: Set to 'normal', was 'performance'
[    0.014062] ENERGY_PERF_BIAS: View and update with x86_energy_perf_policy(8)
[    0.014065] mce: CPU supports 9 MCE banks
[    0.014072] CPU0: Thermal monitoring enabled (TM1)
[    0.014083] process: using mwait in idle threads
[    0.014085] Last level iTLB entries: 4KB 1024, 2MB 1024, 4MB 1024
[    0.014085] Last level dTLB entries: 4KB 1024, 2MB 1024, 4MB 1024, 1GB 4
[    0.014086] Spectre V2 : Mitigation: Full generic retpoline
[    0.014087] Speculative Store Bypass: Vulnerable
[    0.017082] Freeing SMP alternatives memory: 24K
[    0.018537] ftrace: allocating 25269 entries in 99 pages
[    0.033337] smpboot: Max logical packages: 2
[    0.033340] DMAR: Host address width 39
[    0.033341] DMAR: DRHD base: 0x000000fed90000 flags: 0x1
[    0.033347] DMAR: dmar0: reg_base_addr fed90000 ver 1:0 cap d2008c20660462 ecap f010da
[    0.033348] DMAR: RMRR base: 0x000000df64c000 end: 0x000000df65afff
[    0.033349] DMAR-IR: IOAPIC id 8 under DRHD base  0xfed90000 IOMMU 0
[    0.033350] DMAR-IR: HPET id 0 under DRHD base 0xfed90000
[    0.033350] DMAR-IR: x2apic is disabled because BIOS sets x2apic opt out bit.
[    0.033351] DMAR-IR: Use 'intremap=no_x2apic_optout' to override the BIOS setting.
[    0.033523] DMAR-IR: Enabled IRQ remapping in xapic mode
[    0.033523] x2apic: IRQ remapping doesn't support X2APIC mode
[    0.033945] ..TIMER: vector=0x30 apic1=0 pin1=2 apic2=-1 pin2=-1
[    0.073636] TSC deadline timer enabled
[    0.073639] smpboot: CPU0: Intel(R) Xeon(R) CPU E3-1241 v3 @ 3.50GHz (family: 0x6, model: 0x3c, stepping: 0x3)
[    0.073641] Performance Events: PEBS fmt2+, Haswell events, 16-deep LBR, full-width counters, Intel PMU driver.
[    0.073676] ... version:                3
[    0.073676] ... bit width:              48
[    0.073677] ... generic registers:      4
[    0.073677] ... value mask:             0000ffffffffffff
[    0.073677] ... max period:             00007fffffffffff
[    0.073678] ... fixed-purpose events:   3
[    0.073678] ... event mask:             000000070000000f
[    0.074088] NMI watchdog: enabled on all CPUs, permanently consumes one hw-PMU counter.
[    0.074159] x86: Booting SMP configuration:
[    0.074160] .... node  #0, CPUs:      #1 #2 #3 #4 #5 #6 #7
[    0.091561] x86: Booted up 1 node, 8 CPUs
[    0.091563] smpboot: Total of 8 processors activated (55997.52 BogoMIPS)
[    0.097901] devtmpfs: initialized
[    0.097949] x86/mm: Memory block size: 128MB
[    0.099473] PM: Registering ACPI NVS region [mem 0xcd5cc000-0xcd5d2fff] (28672 bytes)
[    0.099475] PM: Registering ACPI NVS region [mem 0xdd8c8000-0xdd9fdfff] (1269760 bytes)
[    0.099535] clocksource: jiffies: mask: 0xffffffff max_cycles: 0xffffffff, max_idle_ns: 7645041785100000 ns
[    0.099544] futex hash table entries: 2048 (order: 5, 131072 bytes)
[    0.099588] pinctrl core: initialized pinctrl subsystem
[    0.099667] NET: Registered protocol family 16
[    0.113638] cpuidle: using governor ladder
[    0.129650] cpuidle: using governor menu
[    0.129665] ACPI FADT declares the system doesn't support PCIe ASPM, so disable it
[    0.129666] ACPI: bus type PCI registered
[    0.129667] acpiphp: ACPI Hot Plug PCI Controller Driver version: 0.5
[    0.129716] PCI: MMCONFIG for domain 0000 [bus 00-3f] at [mem 0xf8000000-0xfbffffff] (base 0xf8000000)
[    0.129717] PCI: MMCONFIG at [mem 0xf8000000-0xfbffffff] reserved in E820
[    0.129722] pmd_set_huge: Cannot satisfy [mem 0xf8000000-0xf8200000] with a huge-page mapping due to MTRR override.
[    0.129766] PCI: Using configuration type 1 for base access
[    0.129801] core: PMU erratum BJ122, BV98, HSD29 worked around, HT is on
[    0.145737] HugeTLB registered 1 GB page size, pre-allocated 0 pages
[    0.145738] HugeTLB registered 2 MB page size, pre-allocated 0 pages
[    0.145903] ACPI: Added _OSI(Module Device)
[    0.145904] ACPI: Added _OSI(Processor Device)
[    0.145905] ACPI: Added _OSI(3.0 _SCP Extensions)
[    0.145905] ACPI: Added _OSI(Processor Aggregator Device)
[    0.146173] ACPI: Executed 6 blocks of module-level executable AML code
[    0.195495] ACPI: Dynamic OEM Table Load:
[    0.195499] ACPI: SSDT 0xFFFF9744D5F86800 0003D3 (v02 PmRef  Cpu0Cst  00003001 INTL 20051117)
[    0.195836] ACPI: Dynamic OEM Table Load:
[    0.195840] ACPI: SSDT 0xFFFF9744D58AF800 0005AA (v02 PmRef  ApIst    00003000 INTL 20051117)
[    0.196203] ACPI: Dynamic OEM Table Load:
[    0.196207] ACPI: SSDT 0xFFFF9744D59A2200 000119 (v02 PmRef  ApCst    00003000 INTL 20051117)
[    0.197553] ACPI: Interpreter enabled
[    0.197577] ACPI: (supports S0 S4 S5)
[    0.197578] ACPI: Using IOAPIC for interrupt routing
[    0.197622] HEST: Table parsing has been initialized.
[    0.197624] PCI: Using host bridge windows from ACPI; if necessary, use "pci=nocrs" and report a bug
[    0.198001] ACPI: Power Resource [PG00] (on)
[    0.198235] ACPI: Power Resource [PG01] (on)
[    0.198470] ACPI: Power Resource [PG02] (on)
[    0.203717] ACPI: Power Resource [FN00] (off)
[    0.203771] ACPI: Power Resource [FN01] (off)
[    0.203823] ACPI: Power Resource [FN02] (off)
[    0.203875] ACPI: Power Resource [FN03] (off)
[    0.203926] ACPI: Power Resource [FN04] (off)
[    0.204535] ACPI: PCI Root Bridge [PCI0] (domain 0000 [bus 00-3e])
[    0.204539] acpi PNP0A08:00: _OSC: OS supports [ExtendedConfig ASPM ClockPM Segments MSI]
[    0.204716] acpi PNP0A08:00: _OSC: platform does not support [PCIeHotplug PME]
[    0.204820] acpi PNP0A08:00: _OSC: OS now controls [AER PCIeCapability]
[    0.204821] acpi PNP0A08:00: FADT indicates ASPM is unsupported, using BIOS configuration
[    0.205300] PCI host bridge to bus 0000:00
[    0.205302] pci_bus 0000:00: root bus resource [io  0x0000-0x0cf7 window]
[    0.205303] pci_bus 0000:00: root bus resource [io  0x0d00-0xffff window]
[    0.205304] pci_bus 0000:00: root bus resource [mem 0x000a0000-0x000bffff window]
[    0.205304] pci_bus 0000:00: root bus resource [mem 0x000cc000-0x000cffff window]
[    0.205305] pci_bus 0000:00: root bus resource [mem 0x000d0000-0x000d3fff window]
[    0.205306] pci_bus 0000:00: root bus resource [mem 0x000d4000-0x000d7fff window]
[    0.205307] pci_bus 0000:00: root bus resource [mem 0x000d8000-0x000dbfff window]
[    0.205308] pci_bus 0000:00: root bus resource [mem 0x000dc000-0x000dffff window]
[    0.205309] pci_bus 0000:00: root bus resource [mem 0x000e0000-0x000e3fff window]
[    0.205309] pci_bus 0000:00: root bus resource [mem 0x000e4000-0x000e7fff window]
[    0.205310] pci_bus 0000:00: root bus resource [mem 0xe0000000-0xfeafffff window]
[    0.205311] pci_bus 0000:00: root bus resource [bus 00-3e]
[    0.205317] pci 0000:00:00.0: [8086:0c08] type 00 class 0x060000
[    0.205387] pci 0000:00:01.0: [8086:0c01] type 01 class 0x060400
[    0.205415] pci 0000:00:01.0: PME# supported from D0 D3hot D3cold
[    0.205475] pci 0000:00:01.0: System wakeup disabled by ACPI
[    0.205530] pci 0000:00:14.0: [8086:8c31] type 00 class 0x0c0330
[    0.205546] pci 0000:00:14.0: reg 0x10: [mem 0xf7320000-0xf732ffff 64bit]
[    0.205599] pci 0000:00:14.0: PME# supported from D3hot D3cold
[    0.205643] pci 0000:00:14.0: System wakeup disabled by ACPI
[    0.205680] pci 0000:00:19.0: [8086:153a] type 00 class 0x020000
[    0.205693] pci 0000:00:19.0: reg 0x10: [mem 0xf7300000-0xf731ffff]
[    0.205701] pci 0000:00:19.0: reg 0x14: [mem 0xf7335000-0xf7335fff]
[    0.205708] pci 0000:00:19.0: reg 0x18: [io  0xf020-0xf03f]
[    0.205758] pci 0000:00:19.0: PME# supported from D0 D3hot D3cold
[    0.205799] pci 0000:00:19.0: System wakeup disabled by ACPI
[    0.205834] pci 0000:00:1a.0: [8086:8c2d] type 00 class 0x0c0320
[    0.206003] pci 0000:00:1a.0: reg 0x10: [mem 0xf7334000-0xf73343ff]
[    0.206077] pci 0000:00:1a.0: PME# supported from D0 D3hot D3cold
[    0.206119] pci 0000:00:1a.0: System wakeup disabled by ACPI
[    0.206155] pci 0000:00:1c.0: [8086:8c10] type 01 class 0x060400
[    0.206211] pci 0000:00:1c.0: PME# supported from D0 D3hot D3cold
[    0.206262] pci 0000:00:1c.0: System wakeup disabled by ACPI
[    0.206296] pci 0000:00:1c.1: [8086:8c12] type 01 class 0x060400
[    0.206351] pci 0000:00:1c.1: PME# supported from D0 D3hot D3cold
[    0.206401] pci 0000:00:1c.1: System wakeup disabled by ACPI
[    0.206440] pci 0000:00:1d.0: [8086:8c26] type 00 class 0x0c0320
[    0.206455] pci 0000:00:1d.0: reg 0x10: [mem 0xf7333000-0xf73333ff]
[    0.206528] pci 0000:00:1d.0: PME# supported from D0 D3hot D3cold
[    0.206570] pci 0000:00:1d.0: System wakeup disabled by ACPI
[    0.206602] pci 0000:00:1f.0: [8086:8c52] type 00 class 0x060100
[    0.206747] pci 0000:00:1f.2: [8086:8c02] type 00 class 0x010601
[    0.206759] pci 0000:00:1f.2: reg 0x10: [io  0xf070-0xf077]
[    0.206765] pci 0000:00:1f.2: reg 0x14: [io  0xf060-0xf063]
[    0.206771] pci 0000:00:1f.2: reg 0x18: [io  0xf050-0xf057]
[    0.206778] pci 0000:00:1f.2: reg 0x1c: [io  0xf040-0xf043]
[    0.206784] pci 0000:00:1f.2: reg 0x20: [io  0xf000-0xf01f]
[    0.206791] pci 0000:00:1f.2: reg 0x24: [mem 0xf7332000-0xf73327ff]
[    0.206822] pci 0000:00:1f.2: PME# supported from D3hot
[    0.206878] pci 0000:00:1f.3: [8086:8c22] type 00 class 0x0c0500
[    0.206890] pci 0000:00:1f.3: reg 0x10: [mem 0xf7331000-0xf73310ff 64bit]
[    0.206908] pci 0000:00:1f.3: reg 0x20: [io  0x0580-0x059f]
[    0.206977] pci 0000:00:1f.6: [8086:8c24] type 00 class 0x118000
[    0.206993] pci 0000:00:1f.6: reg 0x10: [mem 0xf7330000-0xf7330fff 64bit]
[    0.207123] pci 0000:01:00.0: [8086:10fb] type 00 class 0x020000
[    0.207133] pci 0000:01:00.0: reg 0x10: [mem 0xf7d80000-0xf7dfffff 64bit pref]
[    0.207138] pci 0000:01:00.0: reg 0x18: [io  0xe020-0xe03f]
[    0.207149] pci 0000:01:00.0: reg 0x20: [mem 0xf7e04000-0xf7e07fff 64bit pref]
[    0.207154] pci 0000:01:00.0: reg 0x30: [mem 0xf7280000-0xf72fffff pref]
[    0.207185] pci 0000:01:00.0: PME# supported from D0 D3hot D3cold
[    0.207200] pci 0000:01:00.0: reg 0x184: [mem 0x00000000-0x00003fff 64bit pref]
[    0.207201] pci 0000:01:00.0: VF(n) BAR0 space: [mem 0x00000000-0x000fffff 64bit pref] (contains BAR0 for 64 VFs)
[    0.207210] pci 0000:01:00.0: reg 0x190: [mem 0x00000000-0x00003fff 64bit pref]
[    0.207211] pci 0000:01:00.0: VF(n) BAR3 space: [mem 0x00000000-0x000fffff 64bit pref] (contains BAR3 for 64 VFs)
[    0.207300] pci 0000:01:00.0: System wakeup disabled by ACPI
[    0.207329] pci 0000:01:00.1: [8086:10fb] type 00 class 0x020000
[    0.207339] pci 0000:01:00.1: reg 0x10: [mem 0xf7d00000-0xf7d7ffff 64bit pref]
[    0.207343] pci 0000:01:00.1: reg 0x18: [io  0xe000-0xe01f]
[    0.207354] pci 0000:01:00.1: reg 0x20: [mem 0xf7e00000-0xf7e03fff 64bit pref]
[    0.207359] pci 0000:01:00.1: reg 0x30: [mem 0xf7200000-0xf727ffff pref]
[    0.207390] pci 0000:01:00.1: PME# supported from D0 D3hot D3cold
[    0.207404] pci 0000:01:00.1: reg 0x184: [mem 0x00000000-0x00003fff 64bit pref]
[    0.207405] pci 0000:01:00.1: VF(n) BAR0 space: [mem 0x00000000-0x000fffff 64bit pref] (contains BAR0 for 64 VFs)
[    0.207414] pci 0000:01:00.1: reg 0x190: [mem 0x00000000-0x00003fff 64bit pref]
[    0.207415] pci 0000:01:00.1: VF(n) BAR3 space: [mem 0x00000000-0x000fffff 64bit pref] (contains BAR3 for 64 VFs)
[    0.217442] pci 0000:00:01.0: PCI bridge to [bus 01]
[    0.217444] pci 0000:00:01.0:   bridge window [io  0xe000-0xefff]
[    0.217445] pci 0000:00:01.0:   bridge window [mem 0xf7200000-0xf72fffff]
[    0.217447] pci 0000:00:01.0:   bridge window [mem 0xf7d00000-0xf7efffff 64bit pref]
[    0.217449] pci 0000:00:01.0: bridge has subordinate 01 but max busn 02
[    0.217534] pci 0000:02:00.0: [1a03:1150] type 01 class 0x060400
[    0.217647] pci 0000:02:00.0: supports D1 D2
[    0.217647] pci 0000:02:00.0: PME# supported from D0 D1 D2 D3hot D3cold
[    0.217688] pci 0000:02:00.0: System wakeup disabled by ACPI
[    0.229458] pci 0000:00:1c.0: PCI bridge to [bus 02-03]
[    0.229461] pci 0000:00:1c.0:   bridge window [io  0xd000-0xdfff]
[    0.229464] pci 0000:00:1c.0:   bridge window [mem 0xf6000000-0xf70fffff]
[    0.229533] pci 0000:03:00.0: [1a03:2000] type 00 class 0x030000
[    0.229556] pci 0000:03:00.0: reg 0x10: [mem 0xf6000000-0xf6ffffff]
[    0.229569] pci 0000:03:00.0: reg 0x14: [mem 0xf7000000-0xf701ffff]
[    0.229582] pci 0000:03:00.0: reg 0x18: [io  0xd000-0xd07f]
[    0.229684] pci 0000:03:00.0: supports D1 D2
[    0.229685] pci 0000:03:00.0: PME# supported from D0 D1 D2 D3hot D3cold
[    0.229770] pci 0000:02:00.0: PCI bridge to [bus 03]
[    0.229777] pci 0000:02:00.0:   bridge window [io  0xd000-0xdfff]
[    0.229781] pci 0000:02:00.0:   bridge window [mem 0xf6000000-0xf70fffff]
[    0.230039] pci 0000:04:00.0: [8086:1533] type 00 class 0x020000
[    0.230067] pci 0000:04:00.0: reg 0x10: [mem 0xf7100000-0xf717ffff]
[    0.230098] pci 0000:04:00.0: reg 0x18: [io  0xc000-0xc01f]
[    0.230114] pci 0000:04:00.0: reg 0x1c: [mem 0xf7180000-0xf7183fff]
[    0.230282] pci 0000:04:00.0: PME# supported from D0 D3hot D3cold
[    0.230350] pci 0000:04:00.0: System wakeup disabled by ACPI
[    0.241478] pci 0000:00:1c.1: PCI bridge to [bus 04]
[    0.241481] pci 0000:00:1c.1:   bridge window [io  0xc000-0xcfff]
[    0.241484] pci 0000:00:1c.1:   bridge window [mem 0xf7100000-0xf71fffff]
[    0.242368] ACPI: PCI Interrupt Link [LNKA] (IRQs 3 4 5 6 10 *11 12 14 15)
[    0.242420] ACPI: PCI Interrupt Link [LNKB] (IRQs 3 4 5 6 *10 11 12 14 15)
[    0.242467] ACPI: PCI Interrupt Link [LNKC] (IRQs 3 4 *5 6 10 11 12 14 15)
[    0.242518] ACPI: PCI Interrupt Link [LNKD] (IRQs 3 4 *5 6 10 11 12 14 15)
[    0.242569] ACPI: PCI Interrupt Link [LNKE] (IRQs 3 4 5 6 10 *11 12 14 15)
[    0.242620] ACPI: PCI Interrupt Link [LNKF] (IRQs 3 4 5 6 10 11 12 14 15) *0, disabled.
[    0.242672] ACPI: PCI Interrupt Link [LNKG] (IRQs 3 4 5 6 *10 11 12 14 15)
[    0.242717] ACPI: PCI Interrupt Link [LNKH] (IRQs 3 4 5 6 10 11 12 14 15) *0, disabled.
[    0.242935] ACPI: Enabled 7 GPEs in block 00 to 3F
[    0.243006] vgaarb: setting as boot device: PCI:0000:03:00.0
[    0.243007] vgaarb: device added: PCI:0000:03:00.0,decodes=io+mem,owns=io+mem,locks=none
[    0.243008] vgaarb: loaded
[    0.243008] vgaarb: bridge control possible 0000:03:00.0
[    0.243046] PCI: Using ACPI for IRQ routing
[    0.244248] PCI: pci_cache_line_size set to 64 bytes
[    0.244309] e820: reserve RAM buffer [mem 0x00099c00-0x0009ffff]
[    0.244310] e820: reserve RAM buffer [mem 0xcd5cc000-0xcfffffff]
[    0.244311] e820: reserve RAM buffer [mem 0xdd795000-0xdfffffff]
[    0.244311] e820: reserve RAM buffer [mem 0xdd8c8000-0xdfffffff]
[    0.244312] e820: reserve RAM buffer [mem 0xdf800000-0xdfffffff]
[    0.244410] hpet0: at MMIO 0xfed00000, IRQs 2, 8, 0, 0, 0, 0, 0, 0
[    0.244414] hpet0: 8 comparators, 64-bit 14.318180 MHz counter
[    0.246442] clocksource: Switched to clocksource hpet
[    0.250971] VFS: Disk quotas dquot_6.6.0
[    0.250990] VFS: Dquot-cache hash table entries: 512 (order 0, 4096 bytes)
[    0.251044] pnp: PnP ACPI init
[    0.251123] system 00:00: [mem 0xfed40000-0xfed44fff] has been reserved
[    0.251125] system 00:00: Plug and Play ACPI device, IDs PNP0c01 (active)
[    0.251196] system 00:01: [io  0x0800-0x087f] has been reserved
[    0.251197] system 00:01: Plug and Play ACPI device, IDs PNP0c02 (active)
[    0.251212] pnp 00:02: Plug and Play ACPI device, IDs PNP0b00 (active)
[    0.251238] system 00:03: [io  0x1854-0x1857] has been reserved
[    0.251240] system 00:03: Plug and Play ACPI device, IDs INT3f0d PNP0c02 (active)
[    0.251299] system 00:04: [io  0x0a00-0x0a1f] has been reserved
[    0.251300] system 00:04: Plug and Play ACPI device, IDs PNP0c02 (active)
[    0.251458] pnp 00:05: [dma 0 disabled]
[    0.251491] pnp 00:05: Plug and Play ACPI device, IDs PNP0501 (active)
[    0.251643] pnp 00:06: [dma 0 disabled]
[    0.251675] pnp 00:06: Plug and Play ACPI device, IDs PNP0501 (active)
[    0.251710] system 00:07: [io  0x04d0-0x04d1] has been reserved
[    0.251712] system 00:07: Plug and Play ACPI device, IDs PNP0c02 (active)
[    0.251950] system 00:08: [mem 0xfed1c000-0xfed1ffff] has been reserved
[    0.251951] system 00:08: [mem 0xfed10000-0xfed17fff] has been reserved
[    0.251952] system 00:08: [mem 0xfed18000-0xfed18fff] has been reserved
[    0.251953] system 00:08: [mem 0xfed19000-0xfed19fff] has been reserved
[    0.251955] system 00:08: [mem 0xf8000000-0xfbffffff] has been reserved
[    0.251956] system 00:08: [mem 0xfed20000-0xfed3ffff] has been reserved
[    0.251957] system 00:08: [mem 0xfed90000-0xfed93fff] could not be reserved
[    0.251958] system 00:08: [mem 0xfed45000-0xfed8ffff] has been reserved
[    0.251959] system 00:08: [mem 0xff000000-0xffffffff] has been reserved
[    0.251961] system 00:08: [mem 0xfee00000-0xfeefffff] could not be reserved
[    0.251962] system 00:08: [mem 0xf7fe0000-0xf7feffff] has been reserved
[    0.251963] system 00:08: [mem 0xf7ff0000-0xf7ffffff] has been reserved
[    0.251965] system 00:08: Plug and Play ACPI device, IDs PNP0c02 (active)
[    0.252140] pnp: PnP ACPI: found 9 devices
[    0.258589] clocksource: acpi_pm: mask: 0xffffff max_cycles: 0xffffff, max_idle_ns: 2085701024 ns
[    0.258592] pci_bus 0000:00: max bus depth: 2 pci_try_num: 3
[    0.258619] pci 0000:01:00.0: BAR 7: no space for [mem size 0x00100000 64bit pref]
[    0.258621] pci 0000:01:00.0: BAR 7: failed to assign [mem size 0x00100000 64bit pref]
[    0.258622] pci 0000:01:00.0: BAR 10: no space for [mem size 0x00100000 64bit pref]
[    0.258623] pci 0000:01:00.0: BAR 10: failed to assign [mem size 0x00100000 64bit pref]
[    0.258625] pci 0000:01:00.1: BAR 7: no space for [mem size 0x00100000 64bit pref]
[    0.258626] pci 0000:01:00.1: BAR 7: failed to assign [mem size 0x00100000 64bit pref]
[    0.258628] pci 0000:01:00.1: BAR 10: no space for [mem size 0x00100000 64bit pref]
[    0.258628] pci 0000:01:00.1: BAR 10: failed to assign [mem size 0x00100000 64bit pref]
[    0.258630] pci 0000:00:01.0: PCI bridge to [bus 01]
[    0.258631] pci 0000:00:01.0:   bridge window [io  0xe000-0xefff]
[    0.258633] pci 0000:00:01.0:   bridge window [mem 0xf7200000-0xf72fffff]
[    0.258635] pci 0000:00:01.0:   bridge window [mem 0xf7d00000-0xf7efffff 64bit pref]
[    0.258637] pci 0000:02:00.0: PCI bridge to [bus 03]
[    0.258646] pci 0000:02:00.0:   bridge window [io  0xd000-0xdfff]
[    0.258652] pci 0000:02:00.0:   bridge window [mem 0xf6000000-0xf70fffff]
[    0.258662] pci 0000:00:1c.0: PCI bridge to [bus 02-03]
[    0.258664] pci 0000:00:1c.0:   bridge window [io  0xd000-0xdfff]
[    0.258668] pci 0000:00:1c.0:   bridge window [mem 0xf6000000-0xf70fffff]
[    0.258674] pci 0000:00:1c.1: PCI bridge to [bus 04]
[    0.258676] pci 0000:00:1c.1:   bridge window [io  0xc000-0xcfff]
[    0.258680] pci 0000:00:1c.1:   bridge window [mem 0xf7100000-0xf71fffff]
[    0.258686] pci_bus 0000:00: No. 2 try to assign unassigned res
[    0.258686] release child resource [mem 0xf7d00000-0xf7d7ffff 64bit pref]
[    0.258687] release child resource [mem 0xf7d80000-0xf7dfffff 64bit pref]
[    0.258687] release child resource [mem 0xf7e00000-0xf7e03fff 64bit pref]
[    0.258688] release child resource [mem 0xf7e04000-0xf7e07fff 64bit pref]
[    0.258689] pci 0000:00:01.0: resource 15 [mem 0xf7d00000-0xf7efffff 64bit pref] released
[    0.258689] pci 0000:00:01.0: PCI bridge to [bus 01]
[    0.258722] pci 0000:00:01.0: BAR 15: assigned [mem 0xe0000000-0xe05fffff 64bit pref]
[    0.258724] pci 0000:01:00.0: BAR 0: assigned [mem 0xe0000000-0xe007ffff 64bit pref]
[    0.258730] pci 0000:01:00.1: BAR 0: assigned [mem 0xe0080000-0xe00fffff 64bit pref]
[    0.258735] pci 0000:01:00.0: BAR 4: assigned [mem 0xe0100000-0xe0103fff 64bit pref]
[    0.258740] pci 0000:01:00.0: BAR 7: assigned [mem 0xe0104000-0xe0203fff 64bit pref]
[    0.258742] pci 0000:01:00.0: BAR 10: assigned [mem 0xe0204000-0xe0303fff 64bit pref]
[    0.258745] pci 0000:01:00.1: BAR 4: assigned [mem 0xe0304000-0xe0307fff 64bit pref]
[    0.258750] pci 0000:01:00.1: BAR 7: assigned [mem 0xe0308000-0xe0407fff 64bit pref]
[    0.258752] pci 0000:01:00.1: BAR 10: assigned [mem 0xe0408000-0xe0507fff 64bit pref]
[    0.258754] pci 0000:00:01.0: PCI bridge to [bus 01]
[    0.258755] pci 0000:00:01.0:   bridge window [io  0xe000-0xefff]
[    0.258757] pci 0000:00:01.0:   bridge window [mem 0xf7200000-0xf72fffff]
[    0.258759] pci 0000:00:01.0:   bridge window [mem 0xe0000000-0xe05fffff 64bit pref]
[    0.258761] pci 0000:02:00.0: PCI bridge to [bus 03]
[    0.258769] pci 0000:02:00.0:   bridge window [io  0xd000-0xdfff]
[    0.258775] pci 0000:02:00.0:   bridge window [mem 0xf6000000-0xf70fffff]
[    0.258785] pci 0000:00:1c.0: PCI bridge to [bus 02-03]
[    0.258787] pci 0000:00:1c.0:   bridge window [io  0xd000-0xdfff]
[    0.258791] pci 0000:00:1c.0:   bridge window [mem 0xf6000000-0xf70fffff]
[    0.258797] pci 0000:00:1c.1: PCI bridge to [bus 04]
[    0.258799] pci 0000:00:1c.1:   bridge window [io  0xc000-0xcfff]
[    0.258803] pci 0000:00:1c.1:   bridge window [mem 0xf7100000-0xf71fffff]
[    0.258809] pci_bus 0000:00: resource 4 [io  0x0000-0x0cf7 window]
[    0.258810] pci_bus 0000:00: resource 5 [io  0x0d00-0xffff window]
[    0.258811] pci_bus 0000:00: resource 6 [mem 0x000a0000-0x000bffff window]
[    0.258812] pci_bus 0000:00: resource 7 [mem 0x000cc000-0x000cffff window]
[    0.258813] pci_bus 0000:00: resource 8 [mem 0x000d0000-0x000d3fff window]
[    0.258814] pci_bus 0000:00: resource 9 [mem 0x000d4000-0x000d7fff window]
[    0.258815] pci_bus 0000:00: resource 10 [mem 0x000d8000-0x000dbfff window]
[    0.258815] pci_bus 0000:00: resource 11 [mem 0x000dc000-0x000dffff window]
[    0.258816] pci_bus 0000:00: resource 12 [mem 0x000e0000-0x000e3fff window]
[    0.258817] pci_bus 0000:00: resource 13 [mem 0x000e4000-0x000e7fff window]
[    0.258818] pci_bus 0000:00: resource 14 [mem 0xe0000000-0xfeafffff window]
[    0.258819] pci_bus 0000:01: resource 0 [io  0xe000-0xefff]
[    0.258820] pci_bus 0000:01: resource 1 [mem 0xf7200000-0xf72fffff]
[    0.258821] pci_bus 0000:01: resource 2 [mem 0xe0000000-0xe05fffff 64bit pref]
[    0.258821] pci_bus 0000:02: resource 0 [io  0xd000-0xdfff]
[    0.258822] pci_bus 0000:02: resource 1 [mem 0xf6000000-0xf70fffff]
[    0.258823] pci_bus 0000:03: resource 0 [io  0xd000-0xdfff]
[    0.258824] pci_bus 0000:03: resource 1 [mem 0xf6000000-0xf70fffff]
[    0.258825] pci_bus 0000:04: resource 0 [io  0xc000-0xcfff]
[    0.258826] pci_bus 0000:04: resource 1 [mem 0xf7100000-0xf71fffff]
[    0.258922] NET: Registered protocol family 2
[    0.259049] TCP established hash table entries: 65536 (order: 7, 524288 bytes)
[    0.259158] TCP bind hash table entries: 65536 (order: 8, 1048576 bytes)
[    0.259335] TCP: Hash tables configured (established 65536 bind 65536)
[    0.259353] UDP hash table entries: 4096 (order: 5, 131072 bytes)
[    0.259380] UDP-Lite hash table entries: 4096 (order: 5, 131072 bytes)
[    0.259444] NET: Registered protocol family 1
[    0.306556] pci 0000:03:00.0: Video device with shadowed ROM at [mem 0x000c0000-0x000dffff]
[    0.306571] PCI: CLS 64 bytes, default 64
[    0.306599] Unpacking initramfs...
[    0.519401] Freeing initrd memory: 18372K
[    0.519476] PCI-DMA: Using software bounce buffering for IO (SWIOTLB)
[    0.519478] software IO TLB [mem 0xd9795000-0xdd795000] (64MB) mapped at [ffff974399795000-ffff97439d794fff]
[    0.519801] audit: initializing netlink subsys (disabled)
[    0.519814] audit: type=2000 audit(1585052352.468:1): initialized
[    0.520115] workingset: timestamp_bits=40 max_order=21 bucket_order=0
[    0.520175] zbud: loaded
[    0.520791] Block layer SCSI generic (bsg) driver version 0.4 loaded (major 250)
[    0.520816] io scheduler noop registered
[    0.520816] io scheduler deadline registered
[    0.520829] io scheduler cfq registered (default)
[    0.521195] pci_hotplug: PCI Hot Plug PCI Core version: 0.5
[    0.521198] pciehp: PCI Express Hot Plug Controller Driver version: 0.4
[    0.521209] intel_idle: MWAIT substates: 0x42120
[    0.521210] intel_idle: v0.4.1 model 0x3C
[    0.521458] intel_idle: lapic_timer_reliable_states 0xffffffff
[    0.523020] ERST: Error Record Serialization Table (ERST) support is initialized.
[    0.523021] pstore: using zlib compression
[    0.523023] pstore: Registered erst as persistent store backend
[    0.523115] GHES: APEI firmware first mode is enabled by APEI bit and WHEA _OSC.
[    0.523161] Serial: 8250/16550 driver, 4 ports, IRQ sharing enabled
[    0.543856] 00:05: ttyS0 at I/O 0x3f8 (irq = 4, base_baud = 115200) is a 16550A
[    0.564611] 00:06: ttyS1 at I/O 0x2f8 (irq = 3, base_baud = 115200) is a 16550A
[    0.564983] Linux agpgart interface v0.103
[    0.565032] AMD IOMMUv2 driver by Joerg Roedel <jroedel@suse.de>
[    0.565032] AMD IOMMUv2 functionality not available on this system
[    0.565495] i8042: PNP: No PS/2 controller found. Probing ports directly.
[    1.704868] i8042: No controller found
[    1.704889] tsc: Refined TSC clocksource calibration: 3499.997 MHz
[    1.704893] clocksource: tsc: mask: 0xffffffffffffffff max_cycles: 0x32734e5ebc4, max_idle_ns: 440795265422 ns
[    1.705000] mousedev: PS/2 mouse device common for all mice
[    1.705026] rtc_cmos 00:02: RTC can wake from S4
[    1.705165] rtc_cmos 00:02: rtc core: registered rtc_cmos as rtc0
[    1.705195] rtc_cmos 00:02: alarms up to one month, y3k, 242 bytes nvram, hpet irqs
[    1.705201] intel_pstate: Intel P-state driver initializing
[    1.705850] ledtrig-cpu: registered to indicate activity on CPUs
[    1.707282] NET: Registered protocol family 10
[    1.707819] mip6: Mobile IPv6
[    1.707823] NET: Registered protocol family 17
[    1.707827] mpls_gso: MPLS GSO support
[    1.708562] microcode: sig=0x306c3, pf=0x2, revision=0x1d
[    1.708836] microcode: Microcode Update Driver: v2.01 <tigran@aivazian.fsnet.co.uk>, Peter Oruba
[    1.709152] registered taskstats version 1
[    1.709193] zswap: loaded using pool lzo/zbud
[    1.709515] ima: No TPM chip found, activating TPM-bypass!
[    1.709519] ima: Allocated hash algorithm: sha256
[    1.710634] BERT: Can't request iomem region <00000000dd9fce18-00000000dd9fce2b>.
[    1.710840] rtc_cmos 00:02: setting system clock to 2020-03-24 12:19:14 UTC (1585052354)
[    1.710986] PM: Hibernation image not present or could not be loaded.
[    1.995555] Freeing unused kernel memory: 1420K
[    1.995555] Write protecting the kernel read-only data: 12288k
[    1.996465] Freeing unused kernel memory: 1928K
[    1.998386] Freeing unused kernel memory: 1256K
[    2.001891] x86/mm: Checked W+X mappings: passed, no W+X pages found.
[    2.011075] random: systemd-udevd: uninitialized urandom read (16 bytes read)
[    2.011127] random: systemd-udevd: uninitialized urandom read (16 bytes read)
[    2.011132] random: systemd-udevd: uninitialized urandom read (16 bytes read)
[    2.030651] thermal LNXTHERM:00: registered as thermal_zone0
[    2.030652] ACPI: Thermal Zone [TZ00] (28 C)
[    2.030830] thermal LNXTHERM:01: registered as thermal_zone1
[    2.030831] ACPI: Thermal Zone [TZ01] (30 C)
[    2.031279] pps_core: LinuxPPS API ver. 1 registered
[    2.031279] pps_core: Software ver. 5.3.6 - Copyright 2005-2007 Rodolfo Giometti <giometti@linux.it>
[    2.031547] PTP clock support registered
[    2.031751] dca service started, version 1.12.1
[    2.033029] e1000e: Intel(R) PRO/1000 Network Driver - 3.2.6-k
[    2.033030] e1000e: Copyright(c) 1999 - 2015 Intel Corporation.
[    2.033083] igb: Intel(R) Gigabit Ethernet Network Driver - version 5.4.0-k
[    2.033084] igb: Copyright (c) 2007-2014 Intel Corporation.
[    2.033349] e1000e 0000:00:19.0: Interrupt Throttling Rate (ints/sec) set to dynamic conservative mode
[    2.033590] ACPI: bus type USB registered
[    2.033610] usbcore: registered new interface driver usbfs
[    2.033622] usbcore: registered new interface driver hub
[    2.033649] usbcore: registered new device driver usb
[    2.033784] ixgbe: Intel(R) 10 Gigabit PCI Express Network Driver - version 4.4.0-k
[    2.033785] ixgbe: Copyright (c) 1999-2016 Intel Corporation.
[    2.034226] ehci_hcd: USB 2.0 'Enhanced' Host Controller (EHCI) Driver
[    2.034597] ehci-pci: EHCI PCI platform driver
[    2.035536] SCSI subsystem initialized
[    2.037643] AVX2 version of gcm_enc/dec engaged.
[    2.037643] AES CTR mode by8 optimization enabled
[    2.046554] libata version 3.00 loaded.
[    2.127559] e1000e 0000:00:19.0 0000:00:19.0 (uninitialized): registered PHC clock
[    2.190763] ixgbe 0000:01:00.0: Multiqueue Enabled: Rx Queue count = 8, Tx Queue count = 8
[    2.190886] ixgbe 0000:01:00.0: PCI Express bandwidth of 32GT/s available
[    2.190887] ixgbe 0000:01:00.0: (Speed:5.0GT/s, Width: x8, Encoding Loss:20%)
[    2.190967] ixgbe 0000:01:00.0: MAC: 2, PHY: 17, SFP+: 5, PBA No: 0210FF-0FF
[    2.190968] ixgbe 0000:01:00.0: ac:1f:6b:8d:b8:0c
[    2.194134] ixgbe 0000:01:00.0: Intel(R) 10 Gigabit Network Connection
[    2.216181] e1000e 0000:00:19.0 eth1: (PCI Express:2.5GT/s:Width x1) 0c:c4:7a:90:5e:ad
[    2.216182] e1000e 0000:00:19.0 eth1: Intel(R) PRO/1000 Network Connection
[    2.216237] e1000e 0000:00:19.0 eth1: MAC: 11, PHY: 12, PBA No: 0100FF-0FF
[    2.216439] i801_smbus 0000:00:1f.3: SPD Write Disable is set
[    2.216468] i801_smbus 0000:00:1f.3: SMBus using PCI interrupt
[    2.216929] e1000e 0000:00:19.0 eno2: renamed from eth1
[    2.217307] ehci-pci 0000:00:1a.0: EHCI Host Controller
[    2.217312] ehci-pci 0000:00:1a.0: new USB bus registered, assigned bus number 1
[    2.217322] ehci-pci 0000:00:1a.0: debug port 2
[    2.221219] ehci-pci 0000:00:1a.0: cache line size of 64 is not supported
[    2.221228] ehci-pci 0000:00:1a.0: irq 16, io mem 0xf7334000
[    2.234665] ehci-pci 0000:00:1a.0: USB 2.0 started, EHCI 1.00
[    2.234707] usb usb1: New USB device found, idVendor=1d6b, idProduct=0002
[    2.234708] usb usb1: New USB device strings: Mfr=3, Product=2, SerialNumber=1
[    2.234709] usb usb1: Product: EHCI Host Controller
[    2.234709] usb usb1: Manufacturer: Linux 4.9.110-fq-codel ehci_hcd
[    2.234710] usb usb1: SerialNumber: 0000:00:1a.0
[    2.234851] hub 1-0:1.0: USB hub found
[    2.234855] hub 1-0:1.0: 2 ports detected
[    2.235085] ehci-pci 0000:00:1d.0: EHCI Host Controller
[    2.235089] ehci-pci 0000:00:1d.0: new USB bus registered, assigned bus number 2
[    2.235104] ehci-pci 0000:00:1d.0: debug port 2
[    2.239009] ehci-pci 0000:00:1d.0: cache line size of 64 is not supported
[    2.239019] ehci-pci 0000:00:1d.0: irq 22, io mem 0xf7333000
[    2.254631] ehci-pci 0000:00:1d.0: USB 2.0 started, EHCI 1.00
[    2.254677] usb usb2: New USB device found, idVendor=1d6b, idProduct=0002
[    2.254678] usb usb2: New USB device strings: Mfr=3, Product=2, SerialNumber=1
[    2.254679] usb usb2: Product: EHCI Host Controller
[    2.254679] usb usb2: Manufacturer: Linux 4.9.110-fq-codel ehci_hcd
[    2.254680] usb usb2: SerialNumber: 0000:00:1d.0
[    2.254843] hub 2-0:1.0: USB hub found
[    2.254847] hub 2-0:1.0: 2 ports detected
[    2.255106] xhci_hcd 0000:00:14.0: xHCI Host Controller
[    2.255110] xhci_hcd 0000:00:14.0: new USB bus registered, assigned bus number 3
[    2.256200] xhci_hcd 0000:00:14.0: hcc params 0x200077c1 hci version 0x100 quirks 0x00009810
[    2.256204] xhci_hcd 0000:00:14.0: cache line size of 64 is not supported
[    2.256290] usb usb3: New USB device found, idVendor=1d6b, idProduct=0002
[    2.256291] usb usb3: New USB device strings: Mfr=3, Product=2, SerialNumber=1
[    2.256292] usb usb3: Product: xHCI Host Controller
[    2.256292] usb usb3: Manufacturer: Linux 4.9.110-fq-codel xhci-hcd
[    2.256293] usb usb3: SerialNumber: 0000:00:14.0
[    2.256437] hub 3-0:1.0: USB hub found
[    2.256450] hub 3-0:1.0: 10 ports detected
[    2.258305] xhci_hcd 0000:00:14.0: xHCI Host Controller
[    2.258307] xhci_hcd 0000:00:14.0: new USB bus registered, assigned bus number 4
[    2.258338] usb usb4: New USB device found, idVendor=1d6b, idProduct=0003
[    2.258339] usb usb4: New USB device strings: Mfr=3, Product=2, SerialNumber=1
[    2.258339] usb usb4: Product: xHCI Host Controller
[    2.258340] usb usb4: Manufacturer: Linux 4.9.110-fq-codel xhci-hcd
[    2.258341] usb usb4: SerialNumber: 0000:00:14.0
[    2.258450] hub 4-0:1.0: USB hub found
[    2.258463] hub 4-0:1.0: 2 ports detected
[    2.258939] ahci 0000:00:1f.2: version 3.0
[    2.259161] ahci 0000:00:1f.2: AHCI 0001.0300 32 slots 6 ports 6 Gbps 0x3f impl SATA mode
[    2.259164] ahci 0000:00:1f.2: flags: 64bit ncq pm led clo pio slum part ems apst 
[    2.270340] pps pps0: new PPS source ptp1
[    2.270342] igb 0000:04:00.0: added PHC on eth1
[    2.270343] igb 0000:04:00.0: Intel(R) Gigabit Ethernet Network Connection
[    2.270344] igb 0000:04:00.0: eth1: (PCIe:2.5Gb/s:Width x1) 0c:c4:7a:90:5e:ac
[    2.270410] igb 0000:04:00.0: eth1: PBA No: 011000-000
[    2.270411] igb 0000:04:00.0: Using MSI-X interrupts. 4 rx queue(s), 4 tx queue(s)
[    2.270936] igb 0000:04:00.0 eno1: renamed from eth1
[    2.319252] scsi host0: ahci
[    2.319445] scsi host1: ahci
[    2.319599] scsi host2: ahci
[    2.319696] scsi host3: ahci
[    2.319762] scsi host4: ahci
[    2.319818] scsi host5: ahci
[    2.319848] ata1: SATA max UDMA/133 abar m2048@0xf7332000 port 0xf7332100 irq 42
[    2.319849] ata2: SATA max UDMA/133 abar m2048@0xf7332000 port 0xf7332180 irq 42
[    2.319850] ata3: SATA max UDMA/133 abar m2048@0xf7332000 port 0xf7332200 irq 42
[    2.319852] ata4: SATA max UDMA/133 abar m2048@0xf7332000 port 0xf7332280 irq 42
[    2.319854] ata5: SATA max UDMA/133 abar m2048@0xf7332000 port 0xf7332300 irq 42
[    2.319856] ata6: SATA max UDMA/133 abar m2048@0xf7332000 port 0xf7332380 irq 42
[    2.354681] ixgbe 0000:01:00.1: Multiqueue Enabled: Rx Queue count = 8, Tx Queue count = 8
[    2.354804] ixgbe 0000:01:00.1: PCI Express bandwidth of 32GT/s available
[    2.354805] ixgbe 0000:01:00.1: (Speed:5.0GT/s, Width: x8, Encoding Loss:20%)
[    2.354885] ixgbe 0000:01:00.1: MAC: 2, PHY: 17, SFP+: 6, PBA No: 0210FF-0FF
[    2.354886] ixgbe 0000:01:00.1: ac:1f:6b:8d:b8:0d
[    2.358004] ixgbe 0000:01:00.1: Intel(R) 10 Gigabit Network Connection
[    2.358548] ixgbe 0000:01:00.0 enp1s0f0: renamed from eth0
[    2.382717] ixgbe 0000:01:00.1 enp1s0f1: renamed from eth1
[    2.562657] usb 1-1: new high-speed USB device number 2 using ehci-pci
[    2.582634] usb 2-1: new high-speed USB device number 2 using ehci-pci
[    2.582636] usb 3-3: new high-speed USB device number 2 using xhci_hcd
[    2.634572] ata3: SATA link down (SStatus 0 SControl 300)
[    2.634590] ata2: SATA link up 6.0 Gbps (SStatus 133 SControl 300)
[    2.634606] ata4: SATA link down (SStatus 0 SControl 300)
[    2.634623] ata5: SATA link down (SStatus 0 SControl 300)
[    2.634643] ata1: SATA link up 6.0 Gbps (SStatus 133 SControl 300)
[    2.634655] ata6: SATA link down (SStatus 0 SControl 300)
[    2.635596] ata1.00: ATA-9: ADATA SU900, Q0710B, max UDMA/133
[    2.635598] ata1.00: 500118192 sectors, multi 16: LBA48 NCQ (depth 31/32), AA
[    2.636314] ata1.00: configured for UDMA/133
[    2.636503] ata2.00: supports DRM functions and may not be fully accessible
[    2.636597] scsi 0:0:0:0: Direct-Access     ATA      ADATA SU900      0B   PQ: 0 ANSI: 5
[    2.637504] ata2.00: ATA-11: Samsung SSD 860 EVO 250GB, RVT03B6Q, max UDMA/133
[    2.637506] ata2.00: 488397168 sectors, multi 1: LBA48 NCQ (depth 31/32), AA
[    2.638665] ata2.00: supports DRM functions and may not be fully accessible
[    2.640239] ata2.00: configured for UDMA/133
[    2.671013] scsi 1:0:0:0: Direct-Access     ATA      Samsung SSD 860  3B6Q PQ: 0 ANSI: 5
[    2.711432] usb 1-1: New USB device found, idVendor=8087, idProduct=8008
[    2.711434] usb 1-1: New USB device strings: Mfr=0, Product=0, SerialNumber=0
[    2.711720] hub 1-1:1.0: USB hub found
[    2.711810] hub 1-1:1.0: 4 ports detected
[    2.720012] ata2.00: Enabling discard_zeroes_data
[    2.720016] sd 0:0:0:0: [sda] 500118192 512-byte logical blocks: (256 GB/238 GiB)
[    2.720018] sd 0:0:0:0: [sda] 4096-byte physical blocks
[    2.720025] sd 1:0:0:0: [sdb] 488397168 512-byte logical blocks: (250 GB/233 GiB)
[    2.720080] sd 0:0:0:0: [sda] Write Protect is off
[    2.720081] sd 0:0:0:0: [sda] Mode Sense: 00 3a 00 00
[    2.720090] sd 1:0:0:0: [sdb] Write Protect is off
[    2.720091] sd 1:0:0:0: [sdb] Mode Sense: 00 3a 00 00
[    2.720109] sd 0:0:0:0: [sda] Write cache: enabled, read cache: enabled, doesn't support DPO or FUA
[    2.720110] sd 1:0:0:0: [sdb] Write cache: enabled, read cache: enabled, doesn't support DPO or FUA
[    2.720219] ata2.00: Enabling discard_zeroes_data
[    2.720594]  sdb: sdb1 sdb2 < sdb5 >
[    2.720612]  sda: sda1 sda2 < sda5 >
[    2.720800] ata2.00: Enabling discard_zeroes_data
[    2.720907] sd 0:0:0:0: [sda] Attached SCSI disk
[    2.720918] sd 1:0:0:0: [sdb] Attached SCSI disk
[    2.722744] usb 3-3: New USB device found, idVendor=0557, idProduct=7000
[    2.722745] usb 3-3: New USB device strings: Mfr=0, Product=0, SerialNumber=0
[    2.723032] hub 3-3:1.0: USB hub found
[    2.723116] hub 3-3:1.0: 4 ports detected
[    2.734695] clocksource: Switched to clocksource tsc
[    2.734932] usb 2-1: New USB device found, idVendor=8087, idProduct=8000
[    2.734933] usb 2-1: New USB device strings: Mfr=0, Product=0, SerialNumber=0
[    2.735212] hub 2-1:1.0: USB hub found
[    2.735296] hub 2-1:1.0: 6 ports detected
[    2.742401] PM: Starting manual resume from disk
[    2.742403] PM: Hibernation image partition 8:21 present
[    2.742404] PM: Looking for hibernation image.
[    2.742513] PM: Image not found (code -22)
[    2.742514] PM: Hibernation image not present or could not be loaded.
[    2.751349] SGI XFS with ACLs, security attributes, realtime, no debug enabled
[    2.752463] XFS (sdb1): Mounting V5 Filesystem
[    2.764014] XFS (sdb1): Ending clean mount
[    2.786088] random: fast init done
[    2.825639] ip_tables: (C) 2000-2006 Netfilter Core Team
[    2.826147] pstore: decompression failed;returned -5
[    2.826314] pstore: decompression failed;returned -5
[    2.829796] systemd[1]: systemd 232 running in system mode. (+PAM +AUDIT +SELINUX +IMA +APPARMOR +SMACK +SYSVINIT +UTMP +LIBCRYPTSETUP +GCRYPT +GNUTLS +ACL +XZ +LZ4 +SECCOMP +BLKID +ELFUTILS +KMOD +IDN)
[    2.829978] systemd[1]: Detected architecture x86-64.
[    2.830330] systemd[1]: Set hostname to <shaperd-laboratory>.
[    2.881216] systemd[1]: Listening on udev Control Socket.
[    2.881262] systemd[1]: Listening on udev Kernel Socket.
[    2.881282] systemd[1]: Listening on LVM2 poll daemon socket.
[    2.881305] systemd[1]: Listening on Journal Socket (/dev/log).
[    2.881393] systemd[1]: Created slice User and Session Slice.
[    2.881411] systemd[1]: Listening on Syslog Socket.
[    2.881439] systemd[1]: Started Forward Password Requests to Wall Directory Watch.
[    2.927974] input: Sleep Button as /devices/LNXSYSTM:00/LNXSYBUS:00/PNP0C0E:00/input/input0
[    2.927978] ACPI: Sleep Button [SLPB]
[    2.928024] input: Power Button as /devices/LNXSYSTM:00/LNXSYBUS:00/PNP0C0C:00/input/input1
[    2.928026] ACPI: Power Button [PWRB]
[    2.928069] input: Power Button as /devices/LNXSYSTM:00/LNXPWRBN:00/input/input2
[    2.928071] ACPI: Power Button [PWRF]
[    2.932144] ipmi message handler version 39.2
[    2.932826] ipmi_si IPI0001:00: ipmi_si: probing via ACPI
[    2.932845] ipmi_si IPI0001:00: [io  0x0ca2] regsize 1 spacing 1 irq 0
[    2.932845] ipmi_si: Adding ACPI-specified kcs state machine
[    2.933031] IPMI System Interface driver.
[    2.933055] ipmi_si: probing via SMBIOS
[    2.933056] ipmi_si: SMBIOS: io 0xca2 regsize 1 spacing 1 irq 0
[    2.933056] ipmi_si: Adding SMBIOS-specified kcs state machine duplicate interface
[    2.933058] ipmi_si: probing via SPMI
[    2.933059] ipmi_si: SPMI: io 0xca2 regsize 1 spacing 1 irq 0
[    2.933060] ipmi_si: Adding SPMI-specified kcs state machine duplicate interface
[    2.933061] ipmi_si: Trying ACPI-specified kcs state machine at i/o address 0xca2, slave address 0x0, irq 0
[    2.943069] intel_pch_thermal 0000:00:1f.6: Sensor can't be enabled
[    2.943215] intel_pch_thermal 0000:00:1f.6: pci device failed to probe
[    2.944855] shpchp: Standard Hot Plug PCI Controller Driver version: 0.4
[    2.945705] EDAC MC: Ver: 3.0.0
[    2.946929] EDAC MC0: Giving out device to module ie31200_edac controller IE31200: DEV 0000:00:00.0 (POLLED)
[    2.947041] sd 0:0:0:0: Attached scsi generic sg0 type 0
[    2.947079] sd 1:0:0:0: Attached scsi generic sg1 type 0
[    2.949149] systemd-journald[267]: Received request to flush runtime journal from PID 1
[    2.949348] input: PC Speaker as /devices/platform/pcspkr/input/input3
[    2.956021] [drm] Initialized
[    2.956233] RAPL PMU: API unit is 2^-32 Joules, 4 fixed counters, 655360 ms ovfl timer
[    2.956234] RAPL PMU: hw unit of domain pp0-core 2^-14 Joules
[    2.956235] RAPL PMU: hw unit of domain package 2^-14 Joules
[    2.956235] RAPL PMU: hw unit of domain dram 2^-14 Joules
[    2.956236] RAPL PMU: hw unit of domain pp1-gpu 2^-14 Joules
[    2.963213] [drm] Using P2A bridge for configuration
[    2.963217] [drm] AST 2400 detected
[    2.963229] [drm] Analog VGA only
[    2.963244] [drm] dram MCLK=408 Mhz type=1 bus_width=16 size=01000000
[    2.963656] [TTM] Zone  kernel: Available graphics memory: 4068880 kiB
[    2.963657] [TTM] Zone   dma32: Available graphics memory: 2097152 kiB
[    2.963658] [TTM] Initializing pool allocator
[    2.963662] [TTM] Initializing DMA pool allocator
[    2.968161] fbcon: astdrmfb (fb0) is primary device
[    2.988867] Adding 8345596k swap on /dev/sdb5.  Priority:-1 extents:1 across:8345596k SSFS
[    2.994526] Process accounting resumed
[    3.014222] Console: switching to colour frame buffer device 128x48
[    3.022591] ipmi_si IPI0001:00: The BMC does not support clearing the recv irq bit, compensating, but the BMC needs to be fixed.
[    3.038662] usb 3-3.1: new low-speed USB device number 3 using xhci_hcd
[    3.039975] ast 0000:03:00.0: fb0: astdrmfb frame buffer device
[    3.040284] ixgbe 0000:01:00.1: registered PHC device on enp1s0f1
[    3.066601] [drm] Initialized ast 0.1.0 20120228 for 0000:03:00.0 on minor 0
[    3.070872] iTCO_vendor_support: vendor-support=0
[    3.071504] iTCO_wdt: Intel TCO WatchDog Timer Driver v1.11
[    3.071540] iTCO_wdt: unable to reset NO_REBOOT flag, device disabled by hardware/BIOS
[    3.096835] intel_rapl: Found RAPL domain package
[    3.096837] intel_rapl: Found RAPL domain core
[    3.096838] intel_rapl: Found RAPL domain dram
[    3.154162] IPv6: ADDRCONF(NETDEV_UP): enp1s0f1: link is not ready
[    3.178959] usb 3-3.1: New USB device found, idVendor=0557, idProduct=2419
[    3.178960] usb 3-3.1: New USB device strings: Mfr=0, Product=0, SerialNumber=0
[    3.187200] hidraw: raw HID events driver (C) Jiri Kosina
[    3.189281] usbcore: registered new interface driver usbhid
[    3.189282] usbhid: USB HID core driver
[    3.190269] input: HID 0557:2419 as /devices/pci0000:00/0000:00:14.0/usb3/3-3/3-3.1/3-3.1:1.0/0003:0557:2419.0001/input/input4
[    3.193227] ixgbe 0000:01:00.0: registered PHC device on enp1s0f0
[    3.222616] ixgbe 0000:01:00.1 enp1s0f1: detected SFP+: 6
[    3.246857] hid-generic 0003:0557:2419.0001: input,hidraw0: USB HID v1.00 Keyboard [HID 0557:2419] on usb-0000:00:14.0-3.1/input0
[    3.246919] input: HID 0557:2419 as /devices/pci0000:00/0000:00:14.0/usb3/3-3/3-3.1/3-3.1:1.1/0003:0557:2419.0002/input/input5
[    3.247174] hid-generic 0003:0557:2419.0002: input,hidraw1: USB HID v1.00 Mouse [HID 0557:2419] on usb-0000:00:14.0-3.1/input1
[    3.299949] IPv6: ADDRCONF(NETDEV_UP): enp1s0f0: link is not ready
[    3.333045] ipmi_si IPI0001:00: Found new BMC (man_id: 0x002a7c, prod_id: 0x0801, dev_id: 0x20)
[    3.333054] ipmi_si IPI0001:00: IPMI kcs interface initialized
[    3.370660] ixgbe 0000:01:00.0 enp1s0f0: detected SFP+: 5
[    3.466622] ixgbe 0000:01:00.1 enp1s0f1: NIC Link is Up 10 Gbps, Flow Control: RX/TX
[    3.466793] IPv6: ADDRCONF(NETDEV_CHANGE): enp1s0f1: link becomes ready
[    3.614637] ixgbe 0000:01:00.0 enp1s0f0: NIC Link is Up 10 Gbps, Flow Control: RX/TX
[    3.614910] IPv6: ADDRCONF(NETDEV_CHANGE): enp1s0f0: link becomes ready
[    4.291948] ixgbe 0000:01:00.1 enp1s0f1: NIC Link is Down
[    5.678737] ixgbe 0000:01:00.1 enp1s0f1: NIC Link is Up 10 Gbps, Flow Control: RX/TX
[    5.699711] Netfilter messages via NETLINK v0.30.
[    5.701818] nf_tables: (c) 2007-2009 Patrick McHardy <kaber@trash.net>
[    8.615630] ixgbe 0000:01:00.1: removed PHC on enp1s0f1
[    8.698951] ixgbe 0000:01:00.1: Multiqueue Enabled: Rx Queue count = 4, Tx Queue count = 4
[    8.720430] ixgbe 0000:01:00.1: registered PHC device on enp1s0f1
[    8.830707] ixgbe 0000:01:00.1 enp1s0f1: changing MTU from 1500 to 1600
[    9.114856] ixgbe 0000:01:00.1 enp1s0f1: detected SFP+: 6
[    9.254932] ixgbe 0000:01:00.1 enp1s0f1: NIC Link is Up 10 Gbps, Flow Control: None
[   17.796007] ixgbe 0000:01:00.0: removed PHC on enp1s0f0
[   17.885744] ixgbe 0000:01:00.0: Multiqueue Enabled: Rx Queue count = 4, Tx Queue count = 4
[   17.907308] ixgbe 0000:01:00.0: registered PHC device on enp1s0f0
[   18.016449] ixgbe 0000:01:00.0 enp1s0f0: changing MTU from 1500 to 1600
[   18.299351] ixgbe 0000:01:00.0 enp1s0f0: detected SFP+: 5
[   18.543407] ixgbe 0000:01:00.0 enp1s0f0: NIC Link is Up 10 Gbps, Flow Control: None
[   27.013282] random: crng init done
[   27.013284] random: 7 urandom warning(s) missed due to ratelimiting
[  351.208998] systemd[1]: apt-daily-upgrade.timer: Adding 2min 41.173772s random time.
[  351.209690] systemd[1]: apt-daily.timer: Adding 5h 44min 58.938754s random time.
[  351.234964] systemd[1]: apt-daily-upgrade.timer: Adding 31min 52.472389s random time.
[  351.235652] systemd[1]: apt-daily.timer: Adding 10h 41min 32.173677s random time.
[  388.276605] systemd[1]: apt-daily-upgrade.timer: Adding 29min 32.734900s random time.
[  388.277258] systemd[1]: apt-daily.timer: Adding 5h 42min 58.847736s random time.
[  388.304974] systemd[1]: apt-daily-upgrade.timer: Adding 29min 53.909351s random time.
[  388.305838] systemd[1]: apt-daily.timer: Adding 10min 19.550830s random time.
[  537.743369] traps: shd-admslave[12740] general protection ip:55ff147cb6a4 sp:7ffd2ae69c30 error:0
[  537.743372]  in shd-admslave[55ff14720000+d9000]
[ 1233.727985] u32 classifier
[ 1233.727986]     Performance counters on
[ 1233.727987]     input device check on
[ 1233.727987]     Actions configured
[ 1233.973960] GACT probability on
[ 1233.974776] Mirror/redirect action on
[ 5873.463193] perf: interrupt took too long (2503 > 2500), lowering kernel.perf_event_max_sample_rate to 79750
[12092.992273] systemd[1]: apt-daily-upgrade.timer: Adding 27min 40.168222s random time.
[12092.992889] systemd[1]: apt-daily.timer: Adding 8h 5min 36.581773s random time.
[12093.022838] systemd[1]: apt-daily-upgrade.timer: Adding 22min 44.348862s random time.
[12093.023465] systemd[1]: apt-daily.timer: Adding 4h 5min 14.524148s random time.
[12104.482106] device-mapper: uevent: version 1.0.3
[12104.482158] device-mapper: ioctl: 4.35.0-ioctl (2016-06-23) initialised: dm-devel@redhat.com
[12104.968501] JFS: nTxBlock = 8192, nTxLock = 65536
[12104.972848] ntfs: driver 2.1.32 [Flags: R/O MODULE].
[12104.976165] QNX4 filesystem 0.2.3 registered.
[12105.044779] raid6: sse2x1   gen() 12054 MB/s
[12105.112783] raid6: sse2x1   xor()  9396 MB/s
[12105.180785] raid6: sse2x2   gen() 15629 MB/s
[12105.248789] raid6: sse2x2   xor() 10470 MB/s
[12105.316792] raid6: sse2x4   gen() 17995 MB/s
[12105.384793] raid6: sse2x4   xor() 12663 MB/s
[12105.452797] raid6: avx2x1   gen() 23973 MB/s
[12105.520800] raid6: avx2x2   gen() 27937 MB/s
[12105.588803] raid6: avx2x4   gen() 31863 MB/s
[12105.588803] raid6: using algorithm avx2x4 gen() 31863 MB/s
[12105.588804] raid6: using avx2x2 recovery algorithm
[12105.589084] xor: automatically using best checksumming function   avx       
[12105.592113] Btrfs loaded, crc32c=crc32c-intel
[12105.593721] fuse init (API version 7.26)
[12135.598884] traps: index.cgi[27084] trap divide error ip:56464351b5e3 sp:7fffa2ec5600 error:0
[12135.598887]  in shd-webview[56464344c000+1df000]
[12139.499655] traps: index.cgi[27172] trap divide error ip:5578d71115e3 sp:7ffea93335b0 error:0
[12139.499658]  in shd-webview[5578d7042000+1df000]
[12154.589671] traps: index.cgi[27324] trap divide error ip:555d8e2d45e3 sp:7ffd4ba16440 error:0
[12154.589674]  in shd-webview[555d8e205000+1df000]
[12543.972971] perf: interrupt took too long (3173 > 3128), lowering kernel.perf_event_max_sample_rate to 63000
[61143.444519] perf: interrupt took too long (3987 > 3966), lowering kernel.perf_event_max_sample_rate to 50000
