[    0.000000] Linux version 5.4.6-1-fq-codel (vaclavz@debian) (gcc version 6.3.0 20170516 (Debian 6.3.0-18+deb9u1)) #1 SMP Sat Dec 28 12:43:37 CET 2019
[    0.000000] Command line: BOOT_IMAGE=/boot/vmlinuz-5.4.6-1-fq-codel root=UUID=fc82d327-fc7a-4d4e-b776-acf3e856025b ro panic=60 quiet
[    0.000000] x86/fpu: Supporting XSAVE feature 0x001: 'x87 floating point registers'
[    0.000000] x86/fpu: Supporting XSAVE feature 0x002: 'SSE registers'
[    0.000000] x86/fpu: Supporting XSAVE feature 0x004: 'AVX registers'
[    0.000000] x86/fpu: xstate_offset[2]:  576, xstate_sizes[2]:  256
[    0.000000] x86/fpu: Enabled xstate features 0x7, context size is 832 bytes, using 'standard' format.
[    0.000000] BIOS-provided physical RAM map:
[    0.000000] BIOS-e820: [mem 0x0000000000000000-0x0000000000099bff] usable
[    0.000000] BIOS-e820: [mem 0x0000000000099c00-0x000000000009ffff] reserved
[    0.000000] BIOS-e820: [mem 0x00000000000e0000-0x00000000000fffff] reserved
[    0.000000] BIOS-e820: [mem 0x0000000000100000-0x00000000cd5fefff] usable
[    0.000000] BIOS-e820: [mem 0x00000000cd5ff000-0x00000000cd605fff] ACPI NVS
[    0.000000] BIOS-e820: [mem 0x00000000cd606000-0x00000000dd794fff] usable
[    0.000000] BIOS-e820: [mem 0x00000000dd795000-0x00000000dd87bfff] reserved
[    0.000000] BIOS-e820: [mem 0x00000000dd87c000-0x00000000dd8c7fff] usable
[    0.000000] BIOS-e820: [mem 0x00000000dd8c8000-0x00000000dd9fdfff] ACPI NVS
[    0.000000] BIOS-e820: [mem 0x00000000dd9fe000-0x00000000df7fefff] reserved
[    0.000000] BIOS-e820: [mem 0x00000000df7ff000-0x00000000df7fffff] usable
[    0.000000] BIOS-e820: [mem 0x00000000f8000000-0x00000000fbffffff] reserved
[    0.000000] BIOS-e820: [mem 0x00000000fec00000-0x00000000fec00fff] reserved
[    0.000000] BIOS-e820: [mem 0x00000000fed00000-0x00000000fed03fff] reserved
[    0.000000] BIOS-e820: [mem 0x00000000fed1c000-0x00000000fed1ffff] reserved
[    0.000000] BIOS-e820: [mem 0x00000000fee00000-0x00000000fee00fff] reserved
[    0.000000] BIOS-e820: [mem 0x00000000ff000000-0x00000000ffffffff] reserved
[    0.000000] BIOS-e820: [mem 0x0000000100000000-0x000000021fffffff] usable
[    0.000000] NX (Execute Disable) protection: active
[    0.000000] SMBIOS 2.7 present.
[    0.000000] DMI: Supermicro X10SLL-F/X10SLL-F, BIOS 3.0a 12/21/2015
[    0.000000] tsc: Fast TSC calibration using PIT
[    0.000000] tsc: Detected 3499.870 MHz processor
[    0.001067] e820: update [mem 0x00000000-0x00000fff] usable ==> reserved
[    0.001068] e820: remove [mem 0x000a0000-0x000fffff] usable
[    0.001072] last_pfn = 0x220000 max_arch_pfn = 0x400000000
[    0.001075] MTRR default type: uncachable
[    0.001076] MTRR fixed ranges enabled:
[    0.001076]   00000-9FFFF write-back
[    0.001077]   A0000-BFFFF uncachable
[    0.001077]   C0000-CBFFF write-protect
[    0.001078]   CC000-E7FFF uncachable
[    0.001078]   E8000-FFFFF write-protect
[    0.001079] MTRR variable ranges enabled:
[    0.001080]   0 base 0000000000 mask 7E00000000 write-back
[    0.001080]   1 base 0200000000 mask 7FE0000000 write-back
[    0.001081]   2 base 00E0000000 mask 7FE0000000 uncachable
[    0.001081]   3 disabled
[    0.001081]   4 disabled
[    0.001082]   5 disabled
[    0.001082]   6 disabled
[    0.001082]   7 disabled
[    0.001083]   8 disabled
[    0.001083]   9 disabled
[    0.001331] x86/PAT: Configuration [0-7]: WB  WC  UC- UC  WB  WP  UC- WT  
[    0.001427] e820: update [mem 0xe0000000-0xffffffff] usable ==> reserved
[    0.001430] last_pfn = 0xdf800 max_arch_pfn = 0x400000000
[    0.007067] found SMP MP-table at [mem 0x000fd700-0x000fd70f]
[    0.020682] Using GB pages for direct mapping
[    0.020684] BRK [0x1afe01000, 0x1afe01fff] PGTABLE
[    0.020685] BRK [0x1afe02000, 0x1afe02fff] PGTABLE
[    0.020686] BRK [0x1afe03000, 0x1afe03fff] PGTABLE
[    0.020709] BRK [0x1afe04000, 0x1afe04fff] PGTABLE
[    0.020710] BRK [0x1afe05000, 0x1afe05fff] PGTABLE
[    0.020808] BRK [0x1afe06000, 0x1afe06fff] PGTABLE
[    0.020835] BRK [0x1afe07000, 0x1afe07fff] PGTABLE
[    0.020865] BRK [0x1afe08000, 0x1afe08fff] PGTABLE
[    0.020918] BRK [0x1afe09000, 0x1afe09fff] PGTABLE
[    0.020950] BRK [0x1afe0a000, 0x1afe0afff] PGTABLE
[    0.020990] BRK [0x1afe0b000, 0x1afe0bfff] PGTABLE
[    0.021026] RAMDISK: [mem 0x3539f000-0x369c6fff]
[    0.021034] ACPI: Early table checksum verification disabled
[    0.021036] ACPI: RSDP 0x00000000000F0490 000024 (v02 SUPERM)
[    0.021038] ACPI: XSDT 0x00000000DD9D00A0 0000BC (v01 SUPERM SMCI--MB 01072009 AMI  00010013)
[    0.021042] ACPI: FACP 0x00000000DD9DF6D8 00010C (v05 SUPERM SMCI--MB 01072009 AMI  00010013)
[    0.021045] ACPI: DSDT 0x00000000DD9D01F0 00F4E2 (v02 SUPERM SMCI--MB 00000000 INTL 20120711)
[    0.021046] ACPI: FACS 0x00000000DD9FDF80 000040
[    0.021048] ACPI: APIC 0x00000000DD9DF7E8 000092 (v03 SUPERM SMCI--MB 01072009 AMI  00010013)
[    0.021050] ACPI: FPDT 0x00000000DD9DF880 000044 (v01 SUPERM SMCI--MB 01072009 AMI  00010013)
[    0.021051] ACPI: FIDT 0x00000000DD9DF8C8 00009C (v01 SUPERM SMCI--MB 01072009 AMI  00010013)
[    0.021053] ACPI: SSDT 0x00000000DD9DF968 000C7D (v02 Ther_R Ther_Rvp 00001000 INTL 20120711)
[    0.021055] ACPI: SSDT 0x00000000DD9E05E8 000540 (v02 PmRef  Cpu0Ist  00003000 INTL 20051117)
[    0.021056] ACPI: SSDT 0x00000000DD9E0B28 000B74 (v02 CpuRef CpuSsdt  00003000 INTL 20051117)
[    0.021058] ACPI: SSDT 0x00000000DD9E16A0 0002F2 (v02 PmRef  Cpu0Tst  00003000 INTL 20051117)
[    0.021060] ACPI: SSDT 0x00000000DD9E1998 000348 (v02 PmRef  ApTst    00003000 INTL 20051117)
[    0.021062] ACPI: MCFG 0x00000000DD9E1CE0 00003C (v01 SUPERM SMCI--MB 01072009 MSFT 00000097)
[    0.021063] ACPI: HPET 0x00000000DD9E1D20 000038 (v01 SUPERM SMCI--MB 01072009 AMI. 00000005)
[    0.021065] ACPI: SSDT 0x00000000DD9E1D58 000397 (v01 SataRe SataTabl 00001000 INTL 20120711)
[    0.021067] ACPI: SSDT 0x00000000DD9E20F0 0057F6 (v02 SaSsdt SaSsdt   00003000 INTL 20120711)
[    0.021068] ACPI: SPMI 0x00000000DD9E78E8 000040 (v05 A M I  OEMSPMI  00000000 AMI. 00000000)
[    0.021070] ACPI: DMAR 0x00000000DD9E7928 000080 (v01 INTEL  BDW      00000001 INTL 00000001)
[    0.021072] ACPI: EINJ 0x00000000DD9E79A8 000130 (v01 AMI    AMI EINJ 00000000      00000000)
[    0.021073] ACPI: ERST 0x00000000DD9E7AD8 000230 (v01 AMIER  AMI ERST 00000000      00000000)
[    0.021075] ACPI: HEST 0x00000000DD9E7D08 0000A8 (v01 AMI    AMI HEST 00000000      00000000)
[    0.021077] ACPI: BERT 0x00000000DD9E7DB0 000030 (v01 AMI    AMI BERT 00000000      00000000)
[    0.021081] ACPI: Local APIC address 0xfee00000
[    0.021147] No NUMA configuration found
[    0.021147] Faking a node at [mem 0x0000000000000000-0x000000021fffffff]
[    0.021150] NODE_DATA(0) allocated [mem 0x21fffb000-0x21fffffff]
[    0.021167] Zone ranges:
[    0.021167]   DMA      [mem 0x0000000000001000-0x0000000000ffffff]
[    0.021168]   DMA32    [mem 0x0000000001000000-0x00000000ffffffff]
[    0.021169]   Normal   [mem 0x0000000100000000-0x000000021fffffff]
[    0.021169]   Device   empty
[    0.021170] Movable zone start for each node
[    0.021170] Early memory node ranges
[    0.021171]   node   0: [mem 0x0000000000001000-0x0000000000098fff]
[    0.021171]   node   0: [mem 0x0000000000100000-0x00000000cd5fefff]
[    0.021172]   node   0: [mem 0x00000000cd606000-0x00000000dd794fff]
[    0.021173]   node   0: [mem 0x00000000dd87c000-0x00000000dd8c7fff]
[    0.021173]   node   0: [mem 0x00000000df7ff000-0x00000000df7fffff]
[    0.021173]   node   0: [mem 0x0000000100000000-0x000000021fffffff]
[    0.021272] Zeroed struct page in unavailable ranges: 10381 pages
[    0.021273] Initmem setup node 0 [mem 0x0000000000001000-0x000000021fffffff]
[    0.021274] On node 0 totalpages: 2086771
[    0.021274]   DMA zone: 64 pages used for memmap
[    0.021275]   DMA zone: 21 pages reserved
[    0.021275]   DMA zone: 3992 pages, LIFO batch:0
[    0.021315]   DMA32 zone: 14112 pages used for memmap
[    0.021316]   DMA32 zone: 903131 pages, LIFO batch:63
[    0.031916]   Normal zone: 18432 pages used for memmap
[    0.031917]   Normal zone: 1179648 pages, LIFO batch:63
[    0.045488] ACPI: PM-Timer IO Port: 0x1808
[    0.045490] ACPI: Local APIC address 0xfee00000
[    0.045495] ACPI: LAPIC_NMI (acpi_id[0xff] high edge lint[0x1])
[    0.045510] IOAPIC[0]: apic_id 8, version 32, address 0xfec00000, GSI 0-23
[    0.045511] ACPI: INT_SRC_OVR (bus 0 bus_irq 0 global_irq 2 dfl dfl)
[    0.045512] ACPI: INT_SRC_OVR (bus 0 bus_irq 9 global_irq 9 high level)
[    0.045513] ACPI: IRQ0 used by override.
[    0.045514] ACPI: IRQ9 used by override.
[    0.045515] Using ACPI (MADT) for SMP configuration information
[    0.045516] ACPI: HPET id: 0x8086a701 base: 0xfed00000
[    0.045520] [Firmware Bug]: TSC_DEADLINE disabled due to Errata; please update microcode to version: 0x22 (or later)
[    0.045522] smpboot: Allowing 8 CPUs, 0 hotplug CPUs
[    0.045533] PM: Registered nosave memory: [mem 0x00000000-0x00000fff]
[    0.045534] PM: Registered nosave memory: [mem 0x00099000-0x00099fff]
[    0.045534] PM: Registered nosave memory: [mem 0x0009a000-0x0009ffff]
[    0.045535] PM: Registered nosave memory: [mem 0x000a0000-0x000dffff]
[    0.045535] PM: Registered nosave memory: [mem 0x000e0000-0x000fffff]
[    0.045536] PM: Registered nosave memory: [mem 0xcd5ff000-0xcd605fff]
[    0.045537] PM: Registered nosave memory: [mem 0xdd795000-0xdd87bfff]
[    0.045538] PM: Registered nosave memory: [mem 0xdd8c8000-0xdd9fdfff]
[    0.045538] PM: Registered nosave memory: [mem 0xdd9fe000-0xdf7fefff]
[    0.045539] PM: Registered nosave memory: [mem 0xdf800000-0xf7ffffff]
[    0.045539] PM: Registered nosave memory: [mem 0xf8000000-0xfbffffff]
[    0.045540] PM: Registered nosave memory: [mem 0xfc000000-0xfebfffff]
[    0.045540] PM: Registered nosave memory: [mem 0xfec00000-0xfec00fff]
[    0.045540] PM: Registered nosave memory: [mem 0xfec01000-0xfecfffff]
[    0.045541] PM: Registered nosave memory: [mem 0xfed00000-0xfed03fff]
[    0.045541] PM: Registered nosave memory: [mem 0xfed04000-0xfed1bfff]
[    0.045541] PM: Registered nosave memory: [mem 0xfed1c000-0xfed1ffff]
[    0.045542] PM: Registered nosave memory: [mem 0xfed20000-0xfedfffff]
[    0.045542] PM: Registered nosave memory: [mem 0xfee00000-0xfee00fff]
[    0.045542] PM: Registered nosave memory: [mem 0xfee01000-0xfeffffff]
[    0.045543] PM: Registered nosave memory: [mem 0xff000000-0xffffffff]
[    0.045544] [mem 0xdf800000-0xf7ffffff] available for PCI devices
[    0.045545] Booting paravirtualized kernel on bare hardware
[    0.045547] clocksource: refined-jiffies: mask: 0xffffffff max_cycles: 0xffffffff, max_idle_ns: 7645519600211568 ns
[    0.108477] setup_percpu: NR_CPUS:512 nr_cpumask_bits:512 nr_cpu_ids:8 nr_node_ids:1
[    0.108737] percpu: Embedded 53 pages/cpu s178456 r8192 d30440 u262144
[    0.108741] pcpu-alloc: s178456 r8192 d30440 u262144 alloc=1*2097152
[    0.108742] pcpu-alloc: [0] 0 1 2 3 4 5 6 7 
[    0.108759] Built 1 zonelists, mobility grouping on.  Total pages: 2054142
[    0.108759] Policy zone: Normal
[    0.108760] Kernel command line: BOOT_IMAGE=/boot/vmlinuz-5.4.6-1-fq-codel root=UUID=fc82d327-fc7a-4d4e-b776-acf3e856025b ro panic=60 quiet
[    0.109469] Dentry cache hash table entries: 1048576 (order: 11, 8388608 bytes, linear)
[    0.109812] Inode-cache hash table entries: 524288 (order: 10, 4194304 bytes, linear)
[    0.109866] mem auto-init: stack:off, heap alloc:off, heap free:off
[    0.115237] Calgary: detecting Calgary via BIOS EBDA area
[    0.115238] Calgary: Unable to locate Rio Grande table in EBDA - bailing!
[    0.141659] Memory: 8088620K/8347084K available (10243K kernel code, 1182K rwdata, 3548K rodata, 1656K init, 2128K bss, 258464K reserved, 0K cma-reserved)
[    0.141761] SLUB: HWalign=64, Order=0-3, MinObjects=0, CPUs=8, Nodes=1
[    0.141770] Kernel/User page tables isolation: enabled
[    0.141780] ftrace: allocating 33274 entries in 130 pages
[    0.150790] rcu: Hierarchical RCU implementation.
[    0.150791] rcu: 	RCU restricting CPUs from NR_CPUS=512 to nr_cpu_ids=8.
[    0.150792] rcu: RCU calculated value of scheduler-enlistment delay is 25 jiffies.
[    0.150792] rcu: Adjusting geometry for rcu_fanout_leaf=16, nr_cpu_ids=8
[    0.152655] NR_IRQS: 33024, nr_irqs: 488, preallocated irqs: 16
[    0.152869] random: get_random_bytes called from start_kernel+0x38d/0x56d with crng_init=0
[    0.152889] spurious 8259A interrupt: IRQ7.
[    0.159528] Console: colour VGA+ 80x25
[    0.159631] printk: console [tty0] enabled
[    0.159643] ACPI: Core revision 20190816
[    0.159743] clocksource: hpet: mask: 0xffffffff max_cycles: 0xffffffff, max_idle_ns: 133484882848 ns
[    0.159754] APIC: Switch to symmetric I/O mode setup
[    0.159755] DMAR: Host address width 39
[    0.159756] DMAR: DRHD base: 0x000000fed90000 flags: 0x1
[    0.159759] DMAR: dmar0: reg_base_addr fed90000 ver 1:0 cap d2008c20660462 ecap f010da
[    0.159760] DMAR: RMRR base: 0x000000df64c000 end: 0x000000df65afff
[    0.159761] DMAR-IR: IOAPIC id 8 under DRHD base  0xfed90000 IOMMU 0
[    0.159761] DMAR-IR: HPET id 0 under DRHD base 0xfed90000
[    0.159762] DMAR-IR: x2apic is disabled because BIOS sets x2apic opt out bit.
[    0.159762] DMAR-IR: Use 'intremap=no_x2apic_optout' to override the BIOS setting.
[    0.160040] DMAR-IR: Enabled IRQ remapping in xapic mode
[    0.160040] x2apic: IRQ remapping doesn't support X2APIC mode
[    0.160441] ..TIMER: vector=0x30 apic1=0 pin1=2 apic2=-1 pin2=-1
[    0.179760] clocksource: tsc-early: mask: 0xffffffffffffffff max_cycles: 0x3272d671d6e, max_idle_ns: 440795291483 ns
[    0.179763] Calibrating delay loop (skipped), value calculated using timer frequency.. 6999.74 BogoMIPS (lpj=13999480)
[    0.179764] pid_max: default: 32768 minimum: 301
[    0.179785] LSM: Security Framework initializing
[    0.179792] Yama: becoming mindful.
[    0.179797] SELinux:  Initializing.
[    0.179807] TOMOYO Linux initialized
[    0.179834] Mount-cache hash table entries: 16384 (order: 5, 131072 bytes, linear)
[    0.179851] Mountpoint-cache hash table entries: 16384 (order: 5, 131072 bytes, linear)
[    0.180024] mce: CPU0: Thermal monitoring enabled (TM1)
[    0.180035] process: using mwait in idle threads
[    0.180037] Last level iTLB entries: 4KB 1024, 2MB 1024, 4MB 1024
[    0.180038] Last level dTLB entries: 4KB 1024, 2MB 1024, 4MB 1024, 1GB 4
[    0.180039] Spectre V1 : Mitigation: usercopy/swapgs barriers and __user pointer sanitization
[    0.180040] Spectre V2 : Mitigation: Full generic retpoline
[    0.180040] Spectre V2 : Spectre v2 / SpectreRSB mitigation: Filling RSB on context switch
[    0.180041] Speculative Store Bypass: Vulnerable
[    0.180043] MDS: Vulnerable: Clear CPU buffers attempted, no microcode
[    0.180158] Freeing SMP alternatives memory: 24K
[    0.289715] smpboot: CPU0: Intel(R) Xeon(R) CPU E3-1241 v3 @ 3.50GHz (family: 0x6, model: 0x3c, stepping: 0x3)
[    0.289768] Performance Events: PEBS fmt2+, Haswell events, 16-deep LBR, full-width counters, Intel PMU driver.
[    0.289780] ... version:                3
[    0.289780] ... bit width:              48
[    0.289780] ... generic registers:      4
[    0.289781] ... value mask:             0000ffffffffffff
[    0.289781] ... max period:             00007fffffffffff
[    0.289781] ... fixed-purpose events:   3
[    0.289782] ... event mask:             000000070000000f
[    0.289805] rcu: Hierarchical SRCU implementation.
[    0.290400] NMI watchdog: Enabled. Permanently consumes one hw-PMU counter.
[    0.290444] smp: Bringing up secondary CPUs ...
[    0.290490] x86: Booting SMP configuration:
[    0.290491] .... node  #0, CPUs:      #1 #2 #3 #4
[    0.291096] MDS CPU bug present and SMT on, data leak possible. See https://www.kernel.org/doc/html/latest/admin-guide/hw-vuln/mds.html for more details.
[    0.291096]  #5 #6 #7
[    0.291863] smp: Brought up 1 node, 8 CPUs
[    0.291863] smpboot: Max logical packages: 1
[    0.291863] smpboot: Total of 8 processors activated (55997.92 BogoMIPS)
[    0.293632] devtmpfs: initialized
[    0.293632] x86/mm: Memory block size: 128MB
[    0.293632] PM: Registering ACPI NVS region [mem 0xcd5ff000-0xcd605fff] (28672 bytes)
[    0.293632] PM: Registering ACPI NVS region [mem 0xdd8c8000-0xdd9fdfff] (1269760 bytes)
[    0.293632] clocksource: jiffies: mask: 0xffffffff max_cycles: 0xffffffff, max_idle_ns: 7645041785100000 ns
[    0.293632] futex hash table entries: 2048 (order: 5, 131072 bytes, linear)
[    0.293632] pinctrl core: initialized pinctrl subsystem
[    0.293632] NET: Registered protocol family 16
[    0.293632] audit: initializing netlink subsys (disabled)
[    0.293632] audit: type=2000 audit(1584786320.132:1): state=initialized audit_enabled=0 res=1
[    0.293632] cpuidle: using governor ladder
[    0.293632] cpuidle: using governor menu
[    0.293632] ACPI FADT declares the system doesn't support PCIe ASPM, so disable it
[    0.293632] ACPI: bus type PCI registered
[    0.293632] acpiphp: ACPI Hot Plug PCI Controller Driver version: 0.5
[    0.293632] PCI: MMCONFIG for domain 0000 [bus 00-3f] at [mem 0xf8000000-0xfbffffff] (base 0xf8000000)
[    0.293632] PCI: MMCONFIG at [mem 0xf8000000-0xfbffffff] reserved in E820
[    0.293632] pmd_set_huge: Cannot satisfy [mem 0xf8000000-0xf8200000] with a huge-page mapping due to MTRR override.
[    0.293632] PCI: Using configuration type 1 for base access
[    0.293632] core: PMU erratum BJ122, BV98, HSD29 worked around, HT is on
[    0.293632] ENERGY_PERF_BIAS: Set to 'normal', was 'performance'
[    0.296035] HugeTLB registered 1.00 GiB page size, pre-allocated 0 pages
[    0.296035] HugeTLB registered 2.00 MiB page size, pre-allocated 0 pages
[    0.407957] ACPI: Added _OSI(Module Device)
[    0.407957] ACPI: Added _OSI(Processor Device)
[    0.407957] ACPI: Added _OSI(3.0 _SCP Extensions)
[    0.407957] ACPI: Added _OSI(Processor Aggregator Device)
[    0.407957] ACPI: Added _OSI(Linux-Dell-Video)
[    0.407957] ACPI: Added _OSI(Linux-Lenovo-NV-HDMI-Audio)
[    0.407957] ACPI: Added _OSI(Linux-HPI-Hybrid-Graphics)
[    0.420187] ACPI: 8 ACPI AML tables successfully acquired and loaded
[    0.424788] ACPI: Dynamic OEM Table Load:
[    0.424791] ACPI: SSDT 0xFFFF984095DC3C00 0003D3 (v02 PmRef  Cpu0Cst  00003001 INTL 20051117)
[    0.425410] ACPI: Dynamic OEM Table Load:
[    0.425413] ACPI: SSDT 0xFFFF984095D3C000 0005AA (v02 PmRef  ApIst    00003000 INTL 20051117)
[    0.426054] ACPI: Dynamic OEM Table Load:
[    0.426056] ACPI: SSDT 0xFFFF984095D6BE00 000119 (v02 PmRef  ApCst    00003000 INTL 20051117)
[    0.429120] ACPI: Interpreter enabled
[    0.429145] ACPI: (supports S0 S4 S5)
[    0.429145] ACPI: Using IOAPIC for interrupt routing
[    0.429185] HEST: Table parsing has been initialized.
[    0.429187] PCI: Using host bridge windows from ACPI; if necessary, use "pci=nocrs" and report a bug
[    0.429354] ACPI: Enabled 9 GPEs in block 00 to 3F
[    0.429813] ACPI: Power Resource [PG00] (on)
[    0.430019] ACPI: Power Resource [PG01] (on)
[    0.430216] ACPI: Power Resource [PG02] (on)
[    0.434961] ACPI: Power Resource [FN00] (off)
[    0.435006] ACPI: Power Resource [FN01] (off)
[    0.435049] ACPI: Power Resource [FN02] (off)
[    0.435094] ACPI: Power Resource [FN03] (off)
[    0.435137] ACPI: Power Resource [FN04] (off)
[    0.435660] ACPI: PCI Root Bridge [PCI0] (domain 0000 [bus 00-3e])
[    0.435664] acpi PNP0A08:00: _OSC: OS supports [ExtendedConfig ASPM ClockPM Segments MSI HPX-Type3]
[    0.435833] acpi PNP0A08:00: _OSC: platform does not support [PCIeHotplug SHPCHotplug PME]
[    0.435927] acpi PNP0A08:00: _OSC: OS now controls [AER PCIeCapability LTR]
[    0.435928] acpi PNP0A08:00: FADT indicates ASPM is unsupported, using BIOS configuration
[    0.436208] PCI host bridge to bus 0000:00
[    0.436209] pci_bus 0000:00: root bus resource [io  0x0000-0x0cf7 window]
[    0.436210] pci_bus 0000:00: root bus resource [io  0x0d00-0xffff window]
[    0.436211] pci_bus 0000:00: root bus resource [mem 0x000a0000-0x000bffff window]
[    0.436211] pci_bus 0000:00: root bus resource [mem 0x000cc000-0x000cffff window]
[    0.436212] pci_bus 0000:00: root bus resource [mem 0x000d0000-0x000d3fff window]
[    0.436212] pci_bus 0000:00: root bus resource [mem 0x000d4000-0x000d7fff window]
[    0.436213] pci_bus 0000:00: root bus resource [mem 0x000d8000-0x000dbfff window]
[    0.436214] pci_bus 0000:00: root bus resource [mem 0x000dc000-0x000dffff window]
[    0.436214] pci_bus 0000:00: root bus resource [mem 0x000e0000-0x000e3fff window]
[    0.436215] pci_bus 0000:00: root bus resource [mem 0x000e4000-0x000e7fff window]
[    0.436216] pci_bus 0000:00: root bus resource [mem 0xe0000000-0xfeafffff window]
[    0.436216] pci_bus 0000:00: root bus resource [bus 00-3e]
[    0.436223] pci 0000:00:00.0: [8086:0c08] type 00 class 0x060000
[    0.436289] pci 0000:00:01.0: [8086:0c01] type 01 class 0x060400
[    0.436321] pci 0000:00:01.0: PME# supported from D0 D3hot D3cold
[    0.436429] pci 0000:00:14.0: [8086:8c31] type 00 class 0x0c0330
[    0.436448] pci 0000:00:14.0: reg 0x10: [mem 0xf7420000-0xf742ffff 64bit]
[    0.436500] pci 0000:00:14.0: PME# supported from D3hot D3cold
[    0.436564] pci 0000:00:19.0: [8086:153a] type 00 class 0x020000
[    0.436580] pci 0000:00:19.0: reg 0x10: [mem 0xf7400000-0xf741ffff]
[    0.436587] pci 0000:00:19.0: reg 0x14: [mem 0xf7435000-0xf7435fff]
[    0.436594] pci 0000:00:19.0: reg 0x18: [io  0xf020-0xf03f]
[    0.436643] pci 0000:00:19.0: PME# supported from D0 D3hot D3cold
[    0.436705] pci 0000:00:1a.0: [8086:8c2d] type 00 class 0x0c0320
[    0.436723] pci 0000:00:1a.0: reg 0x10: [mem 0xf7434000-0xf74343ff]
[    0.436795] pci 0000:00:1a.0: PME# supported from D0 D3hot D3cold
[    0.436858] pci 0000:00:1c.0: [8086:8c10] type 01 class 0x060400
[    0.436927] pci 0000:00:1c.0: PME# supported from D0 D3hot D3cold
[    0.437017] pci 0000:00:1c.1: [8086:8c12] type 01 class 0x060400
[    0.437086] pci 0000:00:1c.1: PME# supported from D0 D3hot D3cold
[    0.437179] pci 0000:00:1d.0: [8086:8c26] type 00 class 0x0c0320
[    0.437198] pci 0000:00:1d.0: reg 0x10: [mem 0xf7433000-0xf74333ff]
[    0.437272] pci 0000:00:1d.0: PME# supported from D0 D3hot D3cold
[    0.437341] pci 0000:00:1f.0: [8086:8c52] type 00 class 0x060100
[    0.437490] pci 0000:00:1f.2: [8086:8c02] type 00 class 0x010601
[    0.437504] pci 0000:00:1f.2: reg 0x10: [io  0xf070-0xf077]
[    0.437509] pci 0000:00:1f.2: reg 0x14: [io  0xf060-0xf063]
[    0.437515] pci 0000:00:1f.2: reg 0x18: [io  0xf050-0xf057]
[    0.437521] pci 0000:00:1f.2: reg 0x1c: [io  0xf040-0xf043]
[    0.437527] pci 0000:00:1f.2: reg 0x20: [io  0xf000-0xf01f]
[    0.437533] pci 0000:00:1f.2: reg 0x24: [mem 0xf7432000-0xf74327ff]
[    0.437563] pci 0000:00:1f.2: PME# supported from D3hot
[    0.437616] pci 0000:00:1f.3: [8086:8c22] type 00 class 0x0c0500
[    0.437631] pci 0000:00:1f.3: reg 0x10: [mem 0xf7431000-0xf74310ff 64bit]
[    0.437648] pci 0000:00:1f.3: reg 0x20: [io  0x0580-0x059f]
[    0.437718] pci 0000:00:1f.6: [8086:8c24] type 00 class 0x118000
[    0.437736] pci 0000:00:1f.6: reg 0x10: [mem 0xf7430000-0xf7430fff 64bit]
[    0.437918] pci 0000:01:00.0: [15b3:1015] type 00 class 0x020000
[    0.438115] pci 0000:01:00.0: reg 0x10: [mem 0xf4000000-0xf5ffffff 64bit pref]
[    0.438381] pci 0000:01:00.0: reg 0x30: [mem 0xf7200000-0xf72fffff pref]
[    0.439125] pci 0000:01:00.0: PME# supported from D3cold
[    0.439365] pci 0000:01:00.0: reg 0x1a4: [mem 0x00000000-0x000fffff 64bit pref]
[    0.439366] pci 0000:01:00.0: VF(n) BAR0 space: [mem 0x00000000-0x007fffff 64bit pref] (contains BAR0 for 8 VFs)
[    0.440173] pci 0000:01:00.1: [15b3:1015] type 00 class 0x020000
[    0.440357] pci 0000:01:00.1: reg 0x10: [mem 0xf2000000-0xf3ffffff 64bit pref]
[    0.440622] pci 0000:01:00.1: reg 0x30: [mem 0xf7100000-0xf71fffff pref]
[    0.441165] pci 0000:01:00.1: PME# supported from D3cold
[    0.441403] pci 0000:01:00.1: reg 0x1a4: [mem 0x00000000-0x000fffff 64bit pref]
[    0.441404] pci 0000:01:00.1: VF(n) BAR0 space: [mem 0x00000000-0x007fffff 64bit pref] (contains BAR0 for 8 VFs)
[    0.442383] pci 0000:00:01.0: PCI bridge to [bus 01]
[    0.442385] pci 0000:00:01.0:   bridge window [mem 0xf7100000-0xf72fffff]
[    0.442387] pci 0000:00:01.0:   bridge window [mem 0xf2000000-0xf5ffffff 64bit pref]
[    0.442463] pci 0000:02:00.0: [1a03:1150] type 01 class 0x060400
[    0.442687] pci 0000:02:00.0: enabling Extended Tags
[    0.442762] pci 0000:02:00.0: supports D1 D2
[    0.442762] pci 0000:02:00.0: PME# supported from D0 D1 D2 D3hot D3cold
[    0.442857] pci 0000:00:1c.0: PCI bridge to [bus 02-03]
[    0.442860] pci 0000:00:1c.0:   bridge window [io  0xe000-0xefff]
[    0.442863] pci 0000:00:1c.0:   bridge window [mem 0xf6000000-0xf70fffff]
[    0.442910] pci_bus 0000:03: extended config space not accessible
[    0.442936] pci 0000:03:00.0: [1a03:2000] type 00 class 0x030000
[    0.442959] pci 0000:03:00.0: reg 0x10: [mem 0xf6000000-0xf6ffffff]
[    0.442973] pci 0000:03:00.0: reg 0x14: [mem 0xf7000000-0xf701ffff]
[    0.442986] pci 0000:03:00.0: reg 0x18: [io  0xe000-0xe07f]
[    0.443093] pci 0000:03:00.0: supports D1 D2
[    0.443094] pci 0000:03:00.0: PME# supported from D0 D1 D2 D3hot D3cold
[    0.443190] pci 0000:02:00.0: PCI bridge to [bus 03]
[    0.443197] pci 0000:02:00.0:   bridge window [io  0xe000-0xefff]
[    0.443201] pci 0000:02:00.0:   bridge window [mem 0xf6000000-0xf70fffff]
[    0.443303] pci 0000:04:00.0: [8086:1533] type 00 class 0x020000
[    0.443346] pci 0000:04:00.0: reg 0x10: [mem 0xf7300000-0xf737ffff]
[    0.443377] pci 0000:04:00.0: reg 0x18: [io  0xd000-0xd01f]
[    0.443393] pci 0000:04:00.0: reg 0x1c: [mem 0xf7380000-0xf7383fff]
[    0.443561] pci 0000:04:00.0: PME# supported from D0 D3hot D3cold
[    0.443709] pci 0000:00:1c.1: PCI bridge to [bus 04]
[    0.443712] pci 0000:00:1c.1:   bridge window [io  0xd000-0xdfff]
[    0.443715] pci 0000:00:1c.1:   bridge window [mem 0xf7300000-0xf73fffff]
[    0.444344] ACPI: PCI Interrupt Link [LNKA] (IRQs 3 4 5 6 10 *11 12 14 15)
[    0.444386] ACPI: PCI Interrupt Link [LNKB] (IRQs 3 4 5 6 *10 11 12 14 15)
[    0.444427] ACPI: PCI Interrupt Link [LNKC] (IRQs 3 4 *5 6 10 11 12 14 15)
[    0.444468] ACPI: PCI Interrupt Link [LNKD] (IRQs 3 4 *5 6 10 11 12 14 15)
[    0.444509] ACPI: PCI Interrupt Link [LNKE] (IRQs 3 4 5 6 10 *11 12 14 15)
[    0.444549] ACPI: PCI Interrupt Link [LNKF] (IRQs 3 4 5 6 10 11 12 14 15) *0, disabled.
[    0.444589] ACPI: PCI Interrupt Link [LNKG] (IRQs 3 4 5 6 *10 11 12 14 15)
[    0.444629] ACPI: PCI Interrupt Link [LNKH] (IRQs 3 4 5 6 10 11 12 14 15) *0, disabled.
[    0.444881] iommu: Default domain type: Translated 
[    0.444890] pci 0000:03:00.0: vgaarb: setting as boot VGA device
[    0.444890] pci 0000:03:00.0: vgaarb: VGA device added: decodes=io+mem,owns=io+mem,locks=none
[    0.444890] pci 0000:03:00.0: vgaarb: bridge control possible
[    0.444890] vgaarb: loaded
[    0.444890] pps_core: LinuxPPS API ver. 1 registered
[    0.444890] pps_core: Software ver. 5.3.6 - Copyright 2005-2007 Rodolfo Giometti <giometti@linux.it>
[    0.444890] PTP clock support registered
[    0.444890] EDAC MC: Ver: 3.0.0
[    0.444890] PCI: Using ACPI for IRQ routing
[    0.444979] PCI: pci_cache_line_size set to 64 bytes
[    0.445067] e820: reserve RAM buffer [mem 0x00099c00-0x0009ffff]
[    0.445068] e820: reserve RAM buffer [mem 0xcd5ff000-0xcfffffff]
[    0.445069] e820: reserve RAM buffer [mem 0xdd795000-0xdfffffff]
[    0.445069] e820: reserve RAM buffer [mem 0xdd8c8000-0xdfffffff]
[    0.445070] e820: reserve RAM buffer [mem 0xdf800000-0xdfffffff]
[    0.445135] hpet0: at MMIO 0xfed00000, IRQs 2, 8, 0, 0, 0, 0, 0, 0
[    0.445135] hpet0: 8 comparators, 64-bit 14.318180 MHz counter
[    0.448776] clocksource: Switched to clocksource tsc-early
[    0.455784] VFS: Disk quotas dquot_6.6.0
[    0.455795] VFS: Dquot-cache hash table entries: 512 (order 0, 4096 bytes)
[    0.455853] pnp: PnP ACPI init
[    0.455961] system 00:00: [mem 0xfed40000-0xfed44fff] has been reserved
[    0.455964] system 00:00: Plug and Play ACPI device, IDs PNP0c01 (active)
[    0.456043] system 00:01: [io  0x0800-0x087f] has been reserved
[    0.456045] system 00:01: Plug and Play ACPI device, IDs PNP0c02 (active)
[    0.456059] pnp 00:02: Plug and Play ACPI device, IDs PNP0b00 (active)
[    0.456083] system 00:03: [io  0x1854-0x1857] has been reserved
[    0.456085] system 00:03: Plug and Play ACPI device, IDs INT3f0d PNP0c02 (active)
[    0.456145] system 00:04: [io  0x0a00-0x0a1f] has been reserved
[    0.456147] system 00:04: Plug and Play ACPI device, IDs PNP0c02 (active)
[    0.456299] pnp 00:05: [dma 0 disabled]
[    0.456325] pnp 00:05: Plug and Play ACPI device, IDs PNP0501 (active)
[    0.456459] pnp 00:06: [dma 0 disabled]
[    0.456483] pnp 00:06: Plug and Play ACPI device, IDs PNP0501 (active)
[    0.456516] system 00:07: [io  0x04d0-0x04d1] has been reserved
[    0.456518] system 00:07: Plug and Play ACPI device, IDs PNP0c02 (active)
[    0.456904] system 00:08: [mem 0xfed1c000-0xfed1ffff] has been reserved
[    0.456905] system 00:08: [mem 0xfed10000-0xfed17fff] has been reserved
[    0.456906] system 00:08: [mem 0xfed18000-0xfed18fff] has been reserved
[    0.456907] system 00:08: [mem 0xfed19000-0xfed19fff] has been reserved
[    0.456908] system 00:08: [mem 0xf8000000-0xfbffffff] has been reserved
[    0.456909] system 00:08: [mem 0xfed20000-0xfed3ffff] has been reserved
[    0.456910] system 00:08: [mem 0xfed90000-0xfed93fff] could not be reserved
[    0.456910] system 00:08: [mem 0xfed45000-0xfed8ffff] has been reserved
[    0.456911] system 00:08: [mem 0xff000000-0xffffffff] has been reserved
[    0.456912] system 00:08: [mem 0xfee00000-0xfeefffff] could not be reserved
[    0.456913] system 00:08: [mem 0xf7fe0000-0xf7feffff] has been reserved
[    0.456913] system 00:08: [mem 0xf7ff0000-0xf7ffffff] has been reserved
[    0.456915] system 00:08: Plug and Play ACPI device, IDs PNP0c02 (active)
[    0.457061] pnp: PnP ACPI: found 9 devices
[    0.457867] thermal_sys: Registered thermal governor 'fair_share'
[    0.457868] thermal_sys: Registered thermal governor 'bang_bang'
[    0.457868] thermal_sys: Registered thermal governor 'step_wise'
[    0.457869] thermal_sys: Registered thermal governor 'user_space'
[    0.462440] clocksource: acpi_pm: mask: 0xffffff max_cycles: 0xffffff, max_idle_ns: 2085701024 ns
[    0.462462] pci_bus 0000:00: max bus depth: 2 pci_try_num: 3
[    0.462468] pci 0000:01:00.0: BAR 7: no space for [mem size 0x00800000 64bit pref]
[    0.462469] pci 0000:01:00.0: BAR 7: failed to assign [mem size 0x00800000 64bit pref]
[    0.462471] pci 0000:01:00.1: BAR 7: no space for [mem size 0x00800000 64bit pref]
[    0.462471] pci 0000:01:00.1: BAR 7: failed to assign [mem size 0x00800000 64bit pref]
[    0.462473] pci 0000:00:01.0: PCI bridge to [bus 01]
[    0.462475] pci 0000:00:01.0:   bridge window [mem 0xf7100000-0xf72fffff]
[    0.462476] pci 0000:00:01.0:   bridge window [mem 0xf2000000-0xf5ffffff 64bit pref]
[    0.462479] pci 0000:02:00.0: PCI bridge to [bus 03]
[    0.462487] pci 0000:02:00.0:   bridge window [io  0xe000-0xefff]
[    0.462493] pci 0000:02:00.0:   bridge window [mem 0xf6000000-0xf70fffff]
[    0.462503] pci 0000:00:1c.0: PCI bridge to [bus 02-03]
[    0.462505] pci 0000:00:1c.0:   bridge window [io  0xe000-0xefff]
[    0.462508] pci 0000:00:1c.0:   bridge window [mem 0xf6000000-0xf70fffff]
[    0.462514] pci 0000:00:1c.1: PCI bridge to [bus 04]
[    0.462516] pci 0000:00:1c.1:   bridge window [io  0xd000-0xdfff]
[    0.462520] pci 0000:00:1c.1:   bridge window [mem 0xf7300000-0xf73fffff]
[    0.462526] pci_bus 0000:00: No. 2 try to assign unassigned res
[    0.462526] release child resource [mem 0xf2000000-0xf3ffffff 64bit pref]
[    0.462527] release child resource [mem 0xf4000000-0xf5ffffff 64bit pref]
[    0.462528] pci 0000:00:01.0: resource 15 [mem 0xf2000000-0xf5ffffff 64bit pref] released
[    0.462528] pci 0000:00:01.0: PCI bridge to [bus 01]
[    0.462536] pci 0000:00:01.0: BAR 15: assigned [mem 0xe0000000-0xe5ffffff 64bit pref]
[    0.462538] pci 0000:01:00.0: BAR 0: assigned [mem 0xe0000000-0xe1ffffff 64bit pref]
[    0.462592] pci 0000:01:00.1: BAR 0: assigned [mem 0xe2000000-0xe3ffffff 64bit pref]
[    0.462645] pci 0000:01:00.0: BAR 7: assigned [mem 0xe4000000-0xe47fffff 64bit pref]
[    0.462676] pci 0000:01:00.1: BAR 7: assigned [mem 0xe4800000-0xe4ffffff 64bit pref]
[    0.462706] pci 0000:00:01.0: PCI bridge to [bus 01]
[    0.462708] pci 0000:00:01.0:   bridge window [mem 0xf7100000-0xf72fffff]
[    0.462709] pci 0000:00:01.0:   bridge window [mem 0xe0000000-0xe5ffffff 64bit pref]
[    0.462711] pci 0000:02:00.0: PCI bridge to [bus 03]
[    0.462718] pci 0000:02:00.0:   bridge window [io  0xe000-0xefff]
[    0.462724] pci 0000:02:00.0:   bridge window [mem 0xf6000000-0xf70fffff]
[    0.462734] pci 0000:00:1c.0: PCI bridge to [bus 02-03]
[    0.462736] pci 0000:00:1c.0:   bridge window [io  0xe000-0xefff]
[    0.462739] pci 0000:00:1c.0:   bridge window [mem 0xf6000000-0xf70fffff]
[    0.462745] pci 0000:00:1c.1: PCI bridge to [bus 04]
[    0.462747] pci 0000:00:1c.1:   bridge window [io  0xd000-0xdfff]
[    0.462751] pci 0000:00:1c.1:   bridge window [mem 0xf7300000-0xf73fffff]
[    0.462757] pci_bus 0000:00: resource 4 [io  0x0000-0x0cf7 window]
[    0.462758] pci_bus 0000:00: resource 5 [io  0x0d00-0xffff window]
[    0.462758] pci_bus 0000:00: resource 6 [mem 0x000a0000-0x000bffff window]
[    0.462759] pci_bus 0000:00: resource 7 [mem 0x000cc000-0x000cffff window]
[    0.462760] pci_bus 0000:00: resource 8 [mem 0x000d0000-0x000d3fff window]
[    0.462760] pci_bus 0000:00: resource 9 [mem 0x000d4000-0x000d7fff window]
[    0.462761] pci_bus 0000:00: resource 10 [mem 0x000d8000-0x000dbfff window]
[    0.462762] pci_bus 0000:00: resource 11 [mem 0x000dc000-0x000dffff window]
[    0.462762] pci_bus 0000:00: resource 12 [mem 0x000e0000-0x000e3fff window]
[    0.462763] pci_bus 0000:00: resource 13 [mem 0x000e4000-0x000e7fff window]
[    0.462763] pci_bus 0000:00: resource 14 [mem 0xe0000000-0xfeafffff window]
[    0.462764] pci_bus 0000:01: resource 1 [mem 0xf7100000-0xf72fffff]
[    0.462765] pci_bus 0000:01: resource 2 [mem 0xe0000000-0xe5ffffff 64bit pref]
[    0.462765] pci_bus 0000:02: resource 0 [io  0xe000-0xefff]
[    0.462766] pci_bus 0000:02: resource 1 [mem 0xf6000000-0xf70fffff]
[    0.462767] pci_bus 0000:03: resource 0 [io  0xe000-0xefff]
[    0.462767] pci_bus 0000:03: resource 1 [mem 0xf6000000-0xf70fffff]
[    0.462768] pci_bus 0000:04: resource 0 [io  0xd000-0xdfff]
[    0.462769] pci_bus 0000:04: resource 1 [mem 0xf7300000-0xf73fffff]
[    0.462835] NET: Registered protocol family 2
[    0.462917] tcp_listen_portaddr_hash hash table entries: 4096 (order: 4, 65536 bytes, linear)
[    0.462930] TCP established hash table entries: 65536 (order: 7, 524288 bytes, linear)
[    0.463016] TCP bind hash table entries: 65536 (order: 8, 1048576 bytes, linear)
[    0.463188] TCP: Hash tables configured (established 65536 bind 65536)
[    0.463210] UDP hash table entries: 4096 (order: 5, 131072 bytes, linear)
[    0.463234] UDP-Lite hash table entries: 4096 (order: 5, 131072 bytes, linear)
[    0.463284] NET: Registered protocol family 1
[    0.485932] pci 0000:00:1a.0: quirk_usb_early_handoff+0x0/0x690 took 21952 usecs
[    0.505927] pci 0000:00:1d.0: quirk_usb_early_handoff+0x0/0x690 took 19512 usecs
[    0.506195] pci 0000:03:00.0: Video device with shadowed ROM at [mem 0x000c0000-0x000dffff]
[    0.506209] PCI: CLS 64 bytes, default 64
[    0.506237] Trying to unpack rootfs image as initramfs...
[    0.765593] Freeing initrd memory: 22688K
[    0.777923] PCI-DMA: Using software bounce buffering for IO (SWIOTLB)
[    0.777924] software IO TLB: mapped [mem 0xd9795000-0xdd795000] (64MB)
[    0.778277] Initialise system trusted keyrings
[    0.778311] workingset: timestamp_bits=40 max_order=21 bucket_order=0
[    0.779230] zbud: loaded
[    0.779444] Key type asymmetric registered
[    0.779445] Asymmetric key parser 'x509' registered
[    0.779449] Block layer SCSI generic (bsg) driver version 0.4 loaded (major 247)
[    0.779475] io scheduler mq-deadline registered
[    0.779902] shpchp: Standard Hot Plug PCI Controller Driver version: 0.4
[    0.779911] intel_idle: MWAIT substates: 0x42120
[    0.779911] intel_idle: v0.4.1 model 0x3C
[    0.780158] intel_idle: lapic_timer_reliable_states 0xffffffff
[    0.781776] ERST: Error Record Serialization Table (ERST) support is initialized.
[    0.781778] pstore: Registered erst as persistent store backend
[    0.781872] GHES: APEI firmware first mode is enabled by APEI bit and WHEA _OSC.
[    0.781928] Serial: 8250/16550 driver, 4 ports, IRQ sharing enabled
[    0.802618] 00:05: ttyS0 at I/O 0x3f8 (irq = 4, base_baud = 115200) is a 16550A
[    0.823348] 00:06: ttyS1 at I/O 0x2f8 (irq = 3, base_baud = 115200) is a 16550A
[    0.823670] Linux agpgart interface v0.103
[    0.823702] AMD-Vi: AMD IOMMUv2 driver by Joerg Roedel <jroedel@suse.de>
[    0.823702] AMD-Vi: AMD IOMMUv2 functionality not available on this system
[    0.824053] i8042: PNP: No PS/2 controller found.
[    0.824100] mousedev: PS/2 mouse device common for all mice
[    0.824124] rtc_cmos 00:02: RTC can wake from S4
[    0.824276] rtc_cmos 00:02: registered as rtc0
[    0.824286] rtc_cmos 00:02: alarms up to one month, y3k, 242 bytes nvram, hpet irqs
[    0.824292] intel_pstate: Intel P-state driver initializing
[    0.824779] ledtrig-cpu: registered to indicate activity on CPUs
[    0.825481] drop_monitor: Initializing network drop monitor service
[    0.825930] NET: Registered protocol family 10
[    0.839823] Segment Routing with IPv6
[    0.839848] mip6: Mobile IPv6
[    0.839850] NET: Registered protocol family 17
[    0.839854] mpls_gso: MPLS GSO support
[    0.840724] microcode: sig=0x306c3, pf=0x2, revision=0x1d
[    0.840930] microcode: Microcode Update Driver: v2.2.
[    0.840933] IPI shorthand broadcast: enabled
[    0.840947] sched_clock: Marking stable (834000475, 6924341)->(884785351, -43860535)
[    0.841093] registered taskstats version 1
[    0.841094] Loading compiled-in X.509 certificates
[    0.872604] Loaded X.509 cert 'Build time autogenerated kernel key: 8e3795a11d35c5e8381958624cfd81330182cb6a'
[    0.872617] zswap: loaded using pool lzo/zbud
[    0.872705] pstore: Using crash dump compression: deflate
[    0.873044] rtc_cmos 00:02: setting system clock to 2020-03-21T10:25:21 UTC (1584786321)
[    0.873781] Freeing unused kernel image memory: 1656K
[    0.892728] Write protecting the kernel read-only data: 16384k
[    0.893245] Freeing unused kernel image memory: 2036K
[    0.893399] Freeing unused kernel image memory: 548K
[    0.902728] x86/mm: Checked W+X mappings: passed, no W+X pages found.
[    0.902729] x86/mm: Checking user space page tables
[    0.910820] x86/mm: Checked W+X mappings: passed, no W+X pages found.
[    0.910821] Run /init as init process
[    0.919563] random: systemd-udevd: uninitialized urandom read (16 bytes read)
[    0.919613] random: systemd-udevd: uninitialized urandom read (16 bytes read)
[    0.919618] random: systemd-udevd: uninitialized urandom read (16 bytes read)
[    0.948019] dca service started, version 1.12.1
[    0.949047] i801_smbus 0000:00:1f.3: SPD Write Disable is set
[    0.949080] i801_smbus 0000:00:1f.3: SMBus using PCI interrupt
[    0.955060] ACPI: bus type USB registered
[    0.955078] usbcore: registered new interface driver usbfs
[    0.955085] usbcore: registered new interface driver hub
[    0.955108] usbcore: registered new device driver usb
[    0.956124] SCSI subsystem initialized
[    0.957308] igb: Intel(R) Gigabit Ethernet Network Driver - version 5.6.0-k
[    0.957308] igb: Copyright (c) 2007-2014 Intel Corporation.
[    0.958556] thermal LNXTHERM:00: registered as thermal_zone0
[    0.958557] ACPI: Thermal Zone [TZ00] (28 C)
[    0.958883] thermal LNXTHERM:01: registered as thermal_zone1
[    0.958883] ACPI: Thermal Zone [TZ01] (30 C)
[    0.959068] ehci_hcd: USB 2.0 'Enhanced' Host Controller (EHCI) Driver
[    0.961962] e1000e: Intel(R) PRO/1000 Network Driver - 3.2.6-k
[    0.961962] e1000e: Copyright(c) 1999 - 2015 Intel Corporation.
[    0.962097] e1000e 0000:00:19.0: Interrupt Throttling Rate (ints/sec) set to dynamic conservative mode
[    0.963487] ehci-pci: EHCI PCI platform driver
[    0.963599] ehci-pci 0000:00:1a.0: EHCI Host Controller
[    0.963604] ehci-pci 0000:00:1a.0: new USB bus registered, assigned bus number 1
[    0.963614] ehci-pci 0000:00:1a.0: debug port 2
[    0.967518] ehci-pci 0000:00:1a.0: cache line size of 64 is not supported
[    0.967627] ehci-pci 0000:00:1a.0: irq 16, io mem 0xf7434000
[    0.980420] libata version 3.00 loaded.
[    0.980575] mlx5_core 0000:01:00.0: firmware version: 14.26.1040
[    0.980604] mlx5_core 0000:01:00.0: 63.008 Gb/s available PCIe bandwidth (8 GT/s x8 link)
[    0.981965] ehci-pci 0000:00:1a.0: USB 2.0 started, EHCI 1.00
[    0.982004] usb usb1: New USB device found, idVendor=1d6b, idProduct=0002, bcdDevice= 5.04
[    0.982006] usb usb1: New USB device strings: Mfr=3, Product=2, SerialNumber=1
[    0.982007] usb usb1: Product: EHCI Host Controller
[    0.982008] usb usb1: Manufacturer: Linux 5.4.6-1-fq-codel ehci_hcd
[    0.982009] usb usb1: SerialNumber: 0000:00:1a.0
[    0.982240] hub 1-0:1.0: USB hub found
[    0.982246] hub 1-0:1.0: 2 ports detected
[    0.982590] xhci_hcd 0000:00:14.0: xHCI Host Controller
[    0.982595] xhci_hcd 0000:00:14.0: new USB bus registered, assigned bus number 2
[    0.983853] xhci_hcd 0000:00:14.0: hcc params 0x200077c1 hci version 0x100 quirks 0x0000000000009810
[    0.983858] xhci_hcd 0000:00:14.0: cache line size of 64 is not supported
[    0.984039] usb usb2: New USB device found, idVendor=1d6b, idProduct=0002, bcdDevice= 5.04
[    0.984041] usb usb2: New USB device strings: Mfr=3, Product=2, SerialNumber=1
[    0.984042] usb usb2: Product: xHCI Host Controller
[    0.984043] usb usb2: Manufacturer: Linux 5.4.6-1-fq-codel xhci-hcd
[    0.984044] usb usb2: SerialNumber: 0000:00:14.0
[    0.984247] ahci 0000:00:1f.2: version 3.0
[    0.984265] hub 2-0:1.0: USB hub found
[    0.984297] hub 2-0:1.0: 10 ports detected
[    0.984415] ahci 0000:00:1f.2: AHCI 0001.0300 32 slots 6 ports 6 Gbps 0x3f impl SATA mode
[    0.984416] ahci 0000:00:1f.2: flags: 64bit ncq pm led clo pio slum part ems apst 
[    0.987373] ehci-pci 0000:00:1d.0: EHCI Host Controller
[    0.987377] ehci-pci 0000:00:1d.0: new USB bus registered, assigned bus number 3
[    0.987397] ehci-pci 0000:00:1d.0: debug port 2
[    0.987408] xhci_hcd 0000:00:14.0: xHCI Host Controller
[    0.987412] xhci_hcd 0000:00:14.0: new USB bus registered, assigned bus number 4
[    0.987415] xhci_hcd 0000:00:14.0: Host supports USB 3.0 SuperSpeed
[    0.987446] usb usb4: New USB device found, idVendor=1d6b, idProduct=0003, bcdDevice= 5.04
[    0.987447] usb usb4: New USB device strings: Mfr=3, Product=2, SerialNumber=1
[    0.987447] usb usb4: Product: xHCI Host Controller
[    0.987448] usb usb4: Manufacturer: Linux 5.4.6-1-fq-codel xhci-hcd
[    0.987449] usb usb4: SerialNumber: 0000:00:14.0
[    0.987525] hub 4-0:1.0: USB hub found
[    0.987536] hub 4-0:1.0: 2 ports detected
[    0.991292] ehci-pci 0000:00:1d.0: cache line size of 64 is not supported
[    0.991309] ehci-pci 0000:00:1d.0: irq 22, io mem 0xf7433000
[    0.991685] pps pps0: new PPS source ptp0
[    0.991686] igb 0000:04:00.0: added PHC on eth0
[    0.991687] igb 0000:04:00.0: Intel(R) Gigabit Ethernet Network Connection
[    0.991688] igb 0000:04:00.0: eth0: (PCIe:2.5Gb/s:Width x1) 0c:c4:7a:97:96:20
[    0.991755] igb 0000:04:00.0: eth0: PBA No: 011000-000
[    0.991756] igb 0000:04:00.0: Using MSI-X interrupts. 4 rx queue(s), 4 tx queue(s)
[    0.992335] igb 0000:04:00.0 eno1: renamed from eth0
[    1.005974] ehci-pci 0000:00:1d.0: USB 2.0 started, EHCI 1.00
[    1.006000] usb usb3: New USB device found, idVendor=1d6b, idProduct=0002, bcdDevice= 5.04
[    1.006001] usb usb3: New USB device strings: Mfr=3, Product=2, SerialNumber=1
[    1.006002] usb usb3: Product: EHCI Host Controller
[    1.006002] usb usb3: Manufacturer: Linux 5.4.6-1-fq-codel ehci_hcd
[    1.006003] usb usb3: SerialNumber: 0000:00:1d.0
[    1.006082] hub 3-0:1.0: USB hub found
[    1.006086] hub 3-0:1.0: 2 ports detected
[    1.044585] scsi host0: ahci
[    1.044778] scsi host1: ahci
[    1.044857] scsi host2: ahci
[    1.044958] scsi host3: ahci
[    1.045036] scsi host4: ahci
[    1.045124] scsi host5: ahci
[    1.045177] ata1: SATA max UDMA/133 abar m2048@0xf7432000 port 0xf7432100 irq 35
[    1.045180] ata2: SATA max UDMA/133 abar m2048@0xf7432000 port 0xf7432180 irq 35
[    1.045182] ata3: SATA max UDMA/133 abar m2048@0xf7432000 port 0xf7432200 irq 35
[    1.045184] ata4: SATA max UDMA/133 abar m2048@0xf7432000 port 0xf7432280 irq 35
[    1.045186] ata5: SATA max UDMA/133 abar m2048@0xf7432000 port 0xf7432300 irq 35
[    1.045188] ata6: SATA max UDMA/133 abar m2048@0xf7432000 port 0xf7432380 irq 35
[    1.051393] e1000e 0000:00:19.0 0000:00:19.0 (uninitialized): registered PHC clock
[    1.130082] e1000e 0000:00:19.0 eth0: (PCI Express:2.5GT/s:Width x1) 0c:c4:7a:97:96:21
[    1.130083] e1000e 0000:00:19.0 eth0: Intel(R) PRO/1000 Network Connection
[    1.130132] e1000e 0000:00:19.0 eth0: MAC: 11, PHY: 12, PBA No: 0100FF-0FF
[    1.130631] e1000e 0000:00:19.0 eno2: renamed from eth0
[    1.232223] mlx5_core 0000:01:00.0: Port module event: module 0, Cable plugged
[    1.240871] mlx5_core 0000:01:00.1: firmware version: 14.26.1040
[    1.240914] mlx5_core 0000:01:00.1: 63.008 Gb/s available PCIe bandwidth (8 GT/s x8 link)
[    1.283786] usb 1-1: new high-speed USB device number 2 using ehci-pci
[    1.307787] usb 3-1: new high-speed USB device number 2 using ehci-pci
[    1.325294] ata6: SATA link down (SStatus 0 SControl 300)
[    1.325323] ata2: SATA link down (SStatus 0 SControl 300)
[    1.326186] ata1: SATA link up 6.0 Gbps (SStatus 133 SControl 300)
[    1.327102] ata1.00: ATA-9: ADATA SU900, Q0710B, max UDMA/133
[    1.327103] ata1.00: 500118192 sectors, multi 16: LBA48 NCQ (depth 32), AA
[    1.327676] ata1.00: configured for UDMA/133
[    1.327759] scsi 0:0:0:0: Direct-Access     ATA      ADATA SU900      0B   PQ: 0 ANSI: 5
[    1.330244] ata5: SATA link down (SStatus 0 SControl 300)
[    1.330268] ata4: SATA link down (SStatus 0 SControl 300)
[    1.330312] ata3: SATA link down (SStatus 0 SControl 300)
[    1.355778] usb 2-3: new high-speed USB device number 2 using xhci_hcd
[    1.434389] sd 0:0:0:0: [sda] 500118192 512-byte logical blocks: (256 GB/238 GiB)
[    1.434391] sd 0:0:0:0: [sda] 4096-byte physical blocks
[    1.434397] sd 0:0:0:0: [sda] Write Protect is off
[    1.434398] sd 0:0:0:0: [sda] Mode Sense: 00 3a 00 00
[    1.434406] sd 0:0:0:0: [sda] Write cache: enabled, read cache: enabled, doesn't support DPO or FUA
[    1.440195] usb 1-1: New USB device found, idVendor=8087, idProduct=8008, bcdDevice= 0.05
[    1.440196] usb 1-1: New USB device strings: Mfr=0, Product=0, SerialNumber=0
[    1.440345] hub 1-1:1.0: USB hub found
[    1.440448] hub 1-1:1.0: 4 ports detected
[    1.453840] random: fast init done
[    1.464194] usb 3-1: New USB device found, idVendor=8087, idProduct=8000, bcdDevice= 0.05
[    1.464195] usb 3-1: New USB device strings: Mfr=0, Product=0, SerialNumber=0
[    1.464359] hub 3-1:1.0: USB hub found
[    1.464433] hub 3-1:1.0: 6 ports detected
[    1.503986] usb 2-3: New USB device found, idVendor=0557, idProduct=7000, bcdDevice= 0.00
[    1.503987] usb 2-3: New USB device strings: Mfr=0, Product=0, SerialNumber=0
[    1.504604] hub 2-3:1.0: USB hub found
[    1.504723] hub 2-3:1.0: 4 ports detected
[    1.505030]  sda: sda1 sda2 < sda5 >
[    1.505324] sd 0:0:0:0: [sda] Attached SCSI disk
[    1.506659] mlx5_core 0000:01:00.1: Port module event: module 1, Cable plugged
[    1.514952] mlx5_core 0000:01:00.0: MLX5E: StrdRq(0) RqSz(1024) StrdSz(256) RxCqeCmprss(0)
[    1.710757] mlx5_core 0000:01:00.1: MLX5E: StrdRq(0) RqSz(1024) StrdSz(256) RxCqeCmprss(0)
[    1.787877] tsc: Refined TSC clocksource calibration: 3499.978 MHz
[    1.787892] clocksource: tsc: mask: 0xffffffffffffffff max_cycles: 0x32733c59816, max_idle_ns: 440795239359 ns
[    1.787937] clocksource: Switched to clocksource tsc
[    1.811826] usb 2-3.1: new low-speed USB device number 3 using xhci_hcd
[    1.916531] mlx5_core 0000:01:00.1 enp1s0f1: renamed from eth1
[    1.940448] usb 2-3.1: New USB device found, idVendor=0557, idProduct=2419, bcdDevice= 1.00
[    1.940451] usb 2-3.1: New USB device strings: Mfr=0, Product=0, SerialNumber=0
[    1.944140] mlx5_core 0000:01:00.0 enp1s0f0: renamed from eth0
[    1.953338] hidraw: raw HID events driver (C) Jiri Kosina
[    1.957478] usbcore: registered new interface driver usbhid
[    1.957479] usbhid: USB HID core driver
[    1.958864] input: HID 0557:2419 as /devices/pci0000:00/0000:00:14.0/usb2/2-3/2-3.1/2-3.1:1.0/0003:0557:2419.0001/input/input0
[    2.016010] hid-generic 0003:0557:2419.0001: input,hidraw0: USB HID v1.00 Keyboard [HID 0557:2419] on usb-0000:00:14.0-3.1/input0
[    2.016148] input: HID 0557:2419 as /devices/pci0000:00/0000:00:14.0/usb2/2-3/2-3.1/2-3.1:1.1/0003:0557:2419.0002/input/input1
[    2.016212] hid-generic 0003:0557:2419.0002: input,hidraw1: USB HID v1.00 Mouse [HID 0557:2419] on usb-0000:00:14.0-3.1/input1
[    2.051357] PM: Image not found (code -22)
[    2.118349] SGI XFS with ACLs, security attributes, realtime, no debug enabled
[    2.120594] XFS (sda1): Mounting V5 Filesystem
[    2.138058] XFS (sda1): Ending clean mount
[    2.168876] Not activating Mandatory Access Control as /sbin/tomoyo-init does not exist.
[    2.272720] pstore: crypto_comp_decompress failed, ret = -22!
[    2.296444] systemd[1]: systemd 232 running in system mode. (+PAM +AUDIT +SELINUX +IMA +APPARMOR +SMACK +SYSVINIT +UTMP +LIBCRYPTSETUP +GCRYPT +GNUTLS +ACL +XZ +LZ4 +SECCOMP +BLKID +ELFUTILS +KMOD +IDN)
[    2.316169] systemd[1]: Detected architecture x86-64.
[    2.317564] systemd[1]: Set hostname to <shaperd-prelouc1-dev>.
[    2.411169] systemd[1]: Created slice System Slice.
[    2.412045] systemd[1]: Listening on Process Core Dump Socket.
[    2.412115] systemd[1]: Listening on Journal Socket.
[    2.412710] systemd[1]: Starting Create list of required static device nodes for the current kernel...
[    2.412798] systemd[1]: Listening on udev Control Socket.
[    2.413376] systemd[1]: Mounting Huge Pages File System...
[    2.414374] systemd[1]: Starting Set the console keyboard layout...
[    2.426909] xfs filesystem being remounted at / supports timestamps until 2038 (0x7fffffff)
[    2.482702] systemd-journald[305]: Received request to flush runtime journal from PID 1
[    2.494997] input: Sleep Button as /devices/LNXSYSTM:00/LNXSYBUS:00/PNP0C0E:00/input/input2
[    2.495024] ACPI: Sleep Button [SLPB]
[    2.496094] input: Power Button as /devices/LNXSYSTM:00/LNXSYBUS:00/PNP0C0C:00/input/input3
[    2.496115] ACPI: Power Button [PWRB]
[    2.496159] input: Power Button as /devices/LNXSYSTM:00/LNXPWRBN:00/input/input4
[    2.496191] ACPI: Power Button [PWRF]
[    2.502894] IPMI message handler: version 39.2
[    2.504218] ipmi device interface
[    2.507057] ipmi_si: IPMI System Interface driver
[    2.507071] ipmi_si dmi-ipmi-si.0: ipmi_platform: probing via SMBIOS
[    2.507073] ipmi_si dmi-ipmi-si.0: IRQ index 0 not found
[    2.507169] ipmi_platform: ipmi_si: SMBIOS: io 0xca2 regsize 1 spacing 1 irq 0
[    2.507170] ipmi_si: Adding SMBIOS-specified kcs state machine
[    2.507214] ipmi_si IPI0001:00: ipmi_platform: probing via ACPI
[    2.507322] ipmi_si IPI0001:00: IRQ index 0 not found
[    2.507414] ipmi_si IPI0001:00: ipmi_platform: [io  0x0ca2] regsize 1 spacing 1 irq 0
[    2.507415] ipmi_si dmi-ipmi-si.0: Removing SMBIOS-specified kcs state machine in favor of ACPI
[    2.507416] ipmi_si: Adding ACPI-specified kcs state machine
[    2.507445] ipmi_si: Trying ACPI-specified kcs state machine at i/o address 0xca2, slave address 0x0, irq 0
[    2.520803] ACPI Warning: SystemIO range 0x0000000000001828-0x000000000000182F conflicts with OpRegion 0x0000000000001800-0x000000000000187F (\PMIO) (20190816/utaddress-213)
[    2.520807] ACPI: If an ACPI driver is available for this device, you should use it instead of the native driver
[    2.520810] ACPI Warning: SystemIO range 0x0000000000001C40-0x0000000000001C4F conflicts with OpRegion 0x0000000000001C00-0x0000000000001FFF (\GPR) (20190816/utaddress-213)
[    2.520812] ACPI: If an ACPI driver is available for this device, you should use it instead of the native driver
[    2.520822] ACPI Warning: SystemIO range 0x0000000000001C30-0x0000000000001C3F conflicts with OpRegion 0x0000000000001C00-0x0000000000001C3F (\GPRL) (20190816/utaddress-213)
[    2.520824] ACPI Warning: SystemIO range 0x0000000000001C30-0x0000000000001C3F conflicts with OpRegion 0x0000000000001C00-0x0000000000001FFF (\GPR) (20190816/utaddress-213)
[    2.520826] ACPI: If an ACPI driver is available for this device, you should use it instead of the native driver
[    2.520827] ACPI Warning: SystemIO range 0x0000000000001C00-0x0000000000001C2F conflicts with OpRegion 0x0000000000001C00-0x0000000000001C3F (\GPRL) (20190816/utaddress-213)
[    2.520829] ACPI Warning: SystemIO range 0x0000000000001C00-0x0000000000001C2F conflicts with OpRegion 0x0000000000001C00-0x0000000000001FFF (\GPR) (20190816/utaddress-213)
[    2.520832] ACPI: If an ACPI driver is available for this device, you should use it instead of the native driver
[    2.520832] lpc_ich: Resource conflict(s) found affecting gpio_ich
[    2.521103] EDAC MC0: Giving out device to module ie31200_edac controller IE31200: DEV 0000:00:00.0 (POLLED)
[    2.592703] input: PC Speaker as /devices/platform/pcspkr/input/input5
[    2.592808] sd 0:0:0:0: Attached scsi generic sg0 type 0
[    2.593478] RAPL PMU: API unit is 2^-32 Joules, 3 fixed counters, 655360 ms ovfl timer
[    2.593479] RAPL PMU: hw unit of domain pp0-core 2^-14 Joules
[    2.593479] RAPL PMU: hw unit of domain package 2^-14 Joules
[    2.593480] RAPL PMU: hw unit of domain dram 2^-14 Joules
[    2.607799] cryptd: max_cpu_qlen set to 1000
[    2.616729] [drm] Using P2A bridge for configuration
[    2.616733] [drm] AST 2400 detected
[    2.616745] [drm] Analog VGA only
[    2.616762] [drm] dram MCLK=408 Mhz type=1 bus_width=16 size=01000000
[    2.616799] [TTM] Zone  kernel: Available graphics memory: 4057786 KiB
[    2.616800] [TTM] Zone   dma32: Available graphics memory: 2097152 KiB
[    2.616801] [TTM] Initializing pool allocator
[    2.616804] [TTM] Initializing DMA pool allocator
[    2.617910] AVX2 version of gcm_enc/dec engaged.
[    2.617911] AES CTR mode by8 optimization enabled
[    2.619052] Error: Driver 'pcspkr' is already registered, aborting...
[    2.624574] fbcon: astdrmfb (fb0) is primary device
[    2.641989] mlx5_core 0000:01:00.0 enp1s0f0: Link up
[    2.658706] Console: switching to colour frame buffer device 128x48
[    2.660303] ast 0000:03:00.0: fb0: astdrmfb frame buffer device
[    2.711893] [drm] Initialized ast 0.1.0 20120228 for 0000:03:00.0 on minor 0
[    2.723822] Adding 8345596k swap on /dev/sda5.  Priority:-2 extents:1 across:8345596k SSFS
[    2.754730] Process accounting resumed
[    2.763138] mlx5_core 0000:01:00.1 enp1s0f1: Link up
[    2.878347] iTCO_vendor_support: vendor-support=0
[    2.880447] iTCO_wdt: Intel TCO WatchDog Timer Driver v1.11
[    2.880530] iTCO_wdt: unable to reset NO_REBOOT flag, device disabled by hardware/BIOS
[    3.009015] IPv6: ADDRCONF(NETDEV_CHANGE): enp1s0f0: link becomes ready
[    3.009102] IPv6: ADDRCONF(NETDEV_CHANGE): enp1s0f1: link becomes ready
[    3.023815] ipmi_si IPI0001:00: The BMC does not support clearing the recv irq bit, compensating, but the BMC needs to be fixed.
[    3.104223] ipmi_si IPI0001:00: IPMI message handler: Found new BMC (man_id: 0x002a7c, prod_id: 0x0801, dev_id: 0x20)
[    3.279736] ipmi_si IPI0001:00: IPMI kcs interface initialized
[    3.366987] intel_rapl_common: Found RAPL domain package
[    3.366989] intel_rapl_common: Found RAPL domain core
[    3.366991] intel_rapl_common: Found RAPL domain dram
[    8.186204] 8021q: 802.1Q VLAN Support v1.8
[    8.186213] 8021q: adding VLAN 0 to HW filter on device enp1s0f0
[    8.194297] 8021q: adding VLAN 0 to HW filter on device enp1s0f1
[    9.683780] random: crng init done
[    9.683782] random: 7 urandom warning(s) missed due to ratelimiting
[   46.875881] u32 classifier
[   46.875882]     Performance counters on
[   46.875882]     input device check on
[   46.875883]     Actions configured
[   46.935335] GACT probability on
[   46.939479] Mirror/redirect action on
[ 7119.936452] perf: interrupt took too long (2527 > 2500), lowering kernel.perf_event_max_sample_rate to 79000
[11439.736058] perf: interrupt took too long (3162 > 3158), lowering kernel.perf_event_max_sample_rate to 63250
[17757.994945] perf: interrupt took too long (3967 > 3952), lowering kernel.perf_event_max_sample_rate to 50250
[46601.013577] perf: interrupt took too long (4979 > 4958), lowering kernel.perf_event_max_sample_rate to 40000
